Archive member included to satisfy reference by file (symbol)

d:/mcuxpressoide_11.2.0_4120/ide/plugins/com.nxp.mcuxpresso.tools.win32_11.2.0.202001021529/tools/bin/../lib/gcc/arm-none-eabi/9.2.1/../../../../arm-none-eabi/lib/thumb/v6-m/nofp\libcr_semihost_nf.a(_cr__main.o)
                              ./startup/startup_mkl25z4.o (__main)
d:/mcuxpressoide_11.2.0_4120/ide/plugins/com.nxp.mcuxpresso.tools.win32_11.2.0.202001021529/tools/bin/../lib/gcc/arm-none-eabi/9.2.1/../../../../arm-none-eabi/lib/thumb/v6-m/nofp\libcr_semihost_nf.a(_cr_assert.o)
                              ./drivers/fsl_clock.o (__assertion_failed)
d:/mcuxpressoide_11.2.0_4120/ide/plugins/com.nxp.mcuxpresso.tools.win32_11.2.0.202001021529/tools/bin/../lib/gcc/arm-none-eabi/9.2.1/../../../../arm-none-eabi/lib/thumb/v6-m/nofp\libcr_semihost_nf.a(__ciob.o)
                              d:/mcuxpressoide_11.2.0_4120/ide/plugins/com.nxp.mcuxpresso.tools.win32_11.2.0.202001021529/tools/bin/../lib/gcc/arm-none-eabi/9.2.1/../../../../arm-none-eabi/lib/thumb/v6-m/nofp\libcr_semihost_nf.a(_cr_assert.o) (__Ciob)
d:/mcuxpressoide_11.2.0_4120/ide/plugins/com.nxp.mcuxpresso.tools.win32_11.2.0.202001021529/tools/bin/../lib/gcc/arm-none-eabi/9.2.1/../../../../arm-none-eabi/lib/thumb/v6-m/nofp\libcr_semihost_nf.a(__sys_appexit.o)
                              d:/mcuxpressoide_11.2.0_4120/ide/plugins/com.nxp.mcuxpresso.tools.win32_11.2.0.202001021529/tools/bin/../lib/gcc/arm-none-eabi/9.2.1/../../../../arm-none-eabi/lib/thumb/v6-m/nofp\libcr_semihost_nf.a(_cr_assert.o) (__sys_appexit)
d:/mcuxpressoide_11.2.0_4120/ide/plugins/com.nxp.mcuxpresso.tools.win32_11.2.0.202001021529/tools/bin/../lib/gcc/arm-none-eabi/9.2.1/../../../../arm-none-eabi/lib/thumb/v6-m/nofp\libcr_c.a(memcpy.o)
                              ./drivers/fsl_flash.o (memcpy)
d:/mcuxpressoide_11.2.0_4120/ide/plugins/com.nxp.mcuxpresso.tools.win32_11.2.0.202001021529/tools/bin/../lib/gcc/arm-none-eabi/9.2.1/../../../../arm-none-eabi/lib/thumb/v6-m/nofp\libcr_c.a(memset.o)
                              ./drivers/fsl_flash.o (memset)
d:/mcuxpressoide_11.2.0_4120/ide/plugins/com.nxp.mcuxpresso.tools.win32_11.2.0.202001021529/tools/bin/../lib/gcc/arm-none-eabi/9.2.1/../../../../arm-none-eabi/lib/thumb/v6-m/nofp\libcr_c.a(_deferredlazyseek.o)
                              d:/mcuxpressoide_11.2.0_4120/ide/plugins/com.nxp.mcuxpresso.tools.win32_11.2.0.202001021529/tools/bin/../lib/gcc/arm-none-eabi/9.2.1/../../../../arm-none-eabi/lib/thumb/v6-m/nofp\libcr_semihost_nf.a(_cr_assert.o) (__flsbuf)
d:/mcuxpressoide_11.2.0_4120/ide/plugins/com.nxp.mcuxpresso.tools.win32_11.2.0.202001021529/tools/bin/../lib/gcc/arm-none-eabi/9.2.1/../../../../arm-none-eabi/lib/thumb/v6-m/nofp\libcr_c.a(_fflush.o)
                              d:/mcuxpressoide_11.2.0_4120/ide/plugins/com.nxp.mcuxpresso.tools.win32_11.2.0.202001021529/tools/bin/../lib/gcc/arm-none-eabi/9.2.1/../../../../arm-none-eabi/lib/thumb/v6-m/nofp\libcr_c.a(_deferredlazyseek.o) (_fflush)
d:/mcuxpressoide_11.2.0_4120/ide/plugins/com.nxp.mcuxpresso.tools.win32_11.2.0.202001021529/tools/bin/../lib/gcc/arm-none-eabi/9.2.1/../../../../arm-none-eabi/lib/thumb/v6-m/nofp\libcr_c.a(_writebuf.o)
                              d:/mcuxpressoide_11.2.0_4120/ide/plugins/com.nxp.mcuxpresso.tools.win32_11.2.0.202001021529/tools/bin/../lib/gcc/arm-none-eabi/9.2.1/../../../../arm-none-eabi/lib/thumb/v6-m/nofp\libcr_c.a(_deferredlazyseek.o) (_Cwritebuf)
d:/mcuxpressoide_11.2.0_4120/ide/plugins/com.nxp.mcuxpresso.tools.win32_11.2.0.202001021529/tools/bin/../lib/gcc/arm-none-eabi/9.2.1/../../../../arm-none-eabi/lib/thumb/v6-m/nofp\libcr_c.a(alloc.o)
                              d:/mcuxpressoide_11.2.0_4120/ide/plugins/com.nxp.mcuxpresso.tools.win32_11.2.0.202001021529/tools/bin/../lib/gcc/arm-none-eabi/9.2.1/../../../../arm-none-eabi/lib/thumb/v6-m/nofp\libcr_c.a(_deferredlazyseek.o) (_Csys_alloc)
d:/mcuxpressoide_11.2.0_4120/ide/plugins/com.nxp.mcuxpresso.tools.win32_11.2.0.202001021529/tools/bin/../lib/gcc/arm-none-eabi/9.2.1/../../../../arm-none-eabi/lib/thumb/v6-m/nofp\libcr_c.a(fputs.o)
                              d:/mcuxpressoide_11.2.0_4120/ide/plugins/com.nxp.mcuxpresso.tools.win32_11.2.0.202001021529/tools/bin/../lib/gcc/arm-none-eabi/9.2.1/../../../../arm-none-eabi/lib/thumb/v6-m/nofp\libcr_semihost_nf.a(_cr_assert.o) (fputs)
d:/mcuxpressoide_11.2.0_4120/ide/plugins/com.nxp.mcuxpresso.tools.win32_11.2.0.202001021529/tools/bin/../lib/gcc/arm-none-eabi/9.2.1/../../../../arm-none-eabi/lib/thumb/v6-m/nofp\libcr_c.a(fseek.o)
                              d:/mcuxpressoide_11.2.0_4120/ide/plugins/com.nxp.mcuxpresso.tools.win32_11.2.0.202001021529/tools/bin/../lib/gcc/arm-none-eabi/9.2.1/../../../../arm-none-eabi/lib/thumb/v6-m/nofp\libcr_c.a(_deferredlazyseek.o) (fseek)
d:/mcuxpressoide_11.2.0_4120/ide/plugins/com.nxp.mcuxpresso.tools.win32_11.2.0.202001021529/tools/bin/../lib/gcc/arm-none-eabi/9.2.1/../../../../arm-none-eabi/lib/thumb/v6-m/nofp\libcr_c.a(ftell.o)
[...]
Memory Configuration

Name             Origin             Length             Attributes
PROGRAM_FLASH    0x00000000         0x00020000         xr
SRAM             0x1ffff000         0x00004000         xrw
*default*        0x00000000         0xffffffff

Linker script and memory map

LOAD ./utilities/fsl_debug_console.o
LOAD ./startup/startup_mkl25z4.o
LOAD ./source/Assignment4_1.o
LOAD ./source/State_machine.o
LOAD ./source/Timer.o
LOAD ./source/Touch.o
LOAD ./source/mtb.o
LOAD ./source/pwm.o
LOAD ./source/semihost_hardfault.o
LOAD ./drivers/fsl_clock.o
LOAD ./drivers/fsl_common.o
LOAD ./drivers/fsl_flash.o
LOAD ./drivers/fsl_gpio.o
LOAD ./drivers/fsl_lpsci.o
LOAD ./drivers/fsl_smc.o
LOAD ./drivers/fsl_uart.o
LOAD ./board/board.o
LOAD ./board/clock_config.o
LOAD ./board/peripherals.o
LOAD ./board/pin_mux.o
LOAD ./CMSIS/system_MKL25Z4.o
START GROUP
LOAD d:/mcuxpressoide_11.2.0_4120/ide/plugins/com.nxp.mcuxpresso.tools.win32_11.2.0.202001021529/tools/bin/../lib/gcc/arm-none-eabi/9.2.1/../../../../arm-none-eabi/lib/thumb/v6-m/nofp\libcr_semihost_nf.a
LOAD d:/mcuxpressoide_11.2.0_4120/ide/plugins/com.nxp.mcuxpresso.tools.win32_11.2.0.202001021529/tools/bin/../lib/gcc/arm-none-eabi/9.2.1/../../../../arm-none-eabi/lib/thumb/v6-m/nofp\libcr_c.a
LOAD d:/mcuxpressoide_11.2.0_4120/ide/plugins/com.nxp.mcuxpresso.tools.win32_11.2.0.202001021529/tools/bin/../lib/gcc/arm-none-eabi/9.2.1/thumb/v6-m/nofp\libcr_eabihelpers.a
LOAD d:/mcuxpressoide_11.2.0_4120/ide/plugins/com.nxp.mcuxpresso.tools.win32_11.2.0.202001021529/tools/bin/../lib/gcc/arm-none-eabi/9.2.1/thumb/v6-m/nofp\libgcc.a
END GROUP
                0x00000000                __base_PROGRAM_FLASH = 0x0
                0x00000000                __base_Flash = 0x0
                0x00020000                __top_PROGRAM_FLASH = 0x20000
                0x00020000                __top_Flash = 0x20000
                0x1ffff000                __base_SRAM = 0x1ffff000
                0x1ffff000                __base_RAM = 0x1ffff000
                0x20003000                __top_SRAM = 0x20003000
                0x20003000                __top_RAM = 0x20003000

.text           0x00000000     0x3d68
 FILL mask 0xff
                0x00000000                __vectors_start__ = ABSOLUTE (.)
 *(SORT_BY_ALIGNMENT(.isr_vector))
 .isr_vector    0x00000000       0xc0 ./startup/startup_mkl25z4.o
                0x00000000                g_pfnVectors
                0x00000000                __Vectors
                0x000000c0                . = ALIGN (0x4)
                0x000000c0                __section_table_start = .
                0x000000c0                __data_section_table = .
                0x000000c0        0x4 LONG 0x3d68 LOADADDR (.data)
                0x000000c4        0x4 LONG 0x1ffff080 ADDR (.data)
                0x000000c8        0x4 LONG 0x8 SIZEOF (.data)
                0x000000cc                __data_section_table_end = .
                0x000000cc                __bss_section_table = .
                0x000000cc        0x4 LONG 0x1ffff088 ADDR (.bss)
                0x000000d0        0x4 LONG 0x114 SIZEOF (.bss)
                0x000000d4                __bss_section_table_end = .
                0x000000d4                __section_table_end = .
 *(SORT_BY_ALIGNMENT(.after_vectors*))
 .after_vectors.reset
                0x000000d4       0x4c ./startup/startup_mkl25z4.o
                0x000000d4                ResetISR
 .after_vectors.init_data
                0x00000120       0x12 ./startup/startup_mkl25z4.o
                0x00000120                data_init
 .after_vectors.init_bss
                0x00000132       0x10 ./startup/startup_mkl25z4.o
                0x00000132                bss_init
 .after_vectors
                0x00000142      0x10c ./startup/startup_mkl25z4.o
                0x00000142                NMI_Handler
                0x00000146                SVC_Handler
                0x00000148                PendSV_Handler
                0x0000014c                SPI1_DriverIRQHandler
                0x0000014c                LPTMR0_DriverIRQHandler
                0x0000014c                DMA0_DriverIRQHandler
                0x0000014c                I2C0_DriverIRQHandler
                0x0000014c                Reserved39_DriverIRQHandler
                0x0000014c                PORTD_DriverIRQHandler
                0x0000014c                DMA2_DriverIRQHandler
                0x0000014c                CMP0_DriverIRQHandler
                0x0000014c                TPM2_DriverIRQHandler
                0x0000014c                ADC0_DriverIRQHandler
                0x0000014c                SPI0_DriverIRQHandler
                0x0000014c                TSI0_DriverIRQHandler
                0x0000014c                RTC_Seconds_DriverIRQHandler
                0x0000014c                I2C1_DriverIRQHandler
                0x0000014c                DMA1_DriverIRQHandler
                0x0000014c                LLWU_DriverIRQHandler
                0x0000014c                MCG_DriverIRQHandler
                0x0000014c                PIT_DriverIRQHandler
                0x0000014c                RTC_DriverIRQHandler
                0x0000014c                TPM1_DriverIRQHandler
                0x0000014c                FTFA_DriverIRQHandler
                0x0000014c                IntDefaultHandler
                0x0000014c                USB0_DriverIRQHandler
                0x0000014c                DAC0_DriverIRQHandler
                0x0000014c                PORTA_DriverIRQHandler
                0x0000014c                LVD_LVW_DriverIRQHandler
                0x0000014c                TPM0_DriverIRQHandler
                0x0000014c                Reserved45_DriverIRQHandler
                0x0000014c                DMA3_DriverIRQHandler
                0x0000014c                Reserved20_DriverIRQHandler
                0x0000014e                DMA0_IRQHandler
                0x00000156                DMA1_IRQHandler
                0x0000015e                DMA2_IRQHandler
                0x00000166                DMA3_IRQHandler
                0x0000016e                Reserved20_IRQHandler
                0x00000176                FTFA_IRQHandler
                0x0000017e                LVD_LVW_IRQHandler
                0x00000186                LLWU_IRQHandler
                0x0000018e                I2C0_IRQHandler
                0x00000196                I2C1_IRQHandler
                0x0000019e                SPI0_IRQHandler
                0x000001a6                SPI1_IRQHandler
                0x000001ae                UART0_IRQHandler
                0x000001b6                UART1_IRQHandler
                0x000001be                UART2_IRQHandler
                0x000001c6                ADC0_IRQHandler
                0x000001ce                CMP0_IRQHandler
                0x000001d6                TPM0_IRQHandler
                0x000001de                TPM1_IRQHandler
                0x000001e6                TPM2_IRQHandler
                0x000001ee                RTC_IRQHandler
                0x000001f6                RTC_Seconds_IRQHandler
                0x000001fe                PIT_IRQHandler
                0x00000206                Reserved39_IRQHandler
                0x0000020e                USB0_IRQHandler
                0x00000216                DAC0_IRQHandler
                0x0000021e                TSI0_IRQHandler
                0x00000226                MCG_IRQHandler
                0x0000022e                LPTMR0_IRQHandler
                0x00000236                Reserved45_IRQHandler
                0x0000023e                PORTA_IRQHandler
                0x00000246                PORTD_IRQHandler
                0x00000400                . = 0x400
 *fill*         0x0000024e      0x1b2 ff
                0x00000400                PROVIDE (__FLASH_CONFIG_START__ = .)
 *(SORT_BY_ALIGNMENT(.FlashConfig))
 .FlashConfig   0x00000400       0x10 ./startup/startup_mkl25z4.o
                0x00000400                Flash_Config
                0x00000410                PROVIDE (__FLASH_CONFIG_END__ = .)
                0x00000001                ASSERT (! ((__FLASH_CONFIG_START__ == __FLASH_CONFIG_END__)), Linker Flash Config Support Enabled, but no .FlashConfig section provided within application)
 *(SORT_BY_ALIGNMENT(.text*))
 .text.DbgConsole_Init
                0x00000410       0xf4 ./utilities/fsl_debug_console.o
                0x00000410                DbgConsole_Init
 .text.main     0x00000504       0x7c ./source/Assignment4_1.o
                0x00000504                main
 .text.stop_state
                0x00000580       0xfc ./source/State_machine.o
                0x00000580                stop_state
 .text.go_state
                0x0000067c       0xfc ./source/State_machine.o
                0x0000067c                go_state
 .text.warning_state
                0x00000778       0xe4 ./source/State_machine.o
                0x00000778                warning_state
 .text.crosswalk_state
                0x0000085c       0xc8 ./source/State_machine.o
                0x0000085c                crosswalk_state
 .text.transition
                0x00000924       0xc4 ./source/State_machine.o
                0x00000924                transition
 .text.NVIC_SetPriority
                0x000009e8       0xdc ./source/Timer.o
 .text.Init_SysTick
                0x00000ac4       0x30 ./source/Timer.o
                0x00000ac4                Init_SysTick
 .text.now      0x00000af4       0x14 ./source/Timer.o
                0x00000af4                now
 .text.reset_timer
                0x00000b08       0x1c ./source/Timer.o
                0x00000b08                reset_timer
 .text.get_timer
                0x00000b24       0x28 ./source/Timer.o
                0x00000b24                get_timer
 .text.SysTick_Handler
                0x00000b4c       0x18 ./source/Timer.o
                0x00000b4c                SysTick_Handler
 .text.Touch_Init
                0x00000b64       0x30 ./source/Touch.o
                0x00000b64                Touch_Init
 .text.touch_scan
                0x00000b94       0x68 ./source/Touch.o
                0x00000b94                touch_scan
 .text.Init_Blue_LED_PWM
                0x00000bfc       0xbc ./source/pwm.o
                0x00000bfc                Init_Blue_LED_PWM
 .text.Init_RED_LED_PWM
                0x00000cb8       0xbc ./source/pwm.o
                0x00000cb8                Init_RED_LED_PWM
 .text.Init_GREEN_LED_PWM
                0x00000d74       0xbc ./source/pwm.o
                0x00000d74                Init_GREEN_LED_PWM
 .text.HardFault_Handler
                0x00000e30       0x30 ./source/semihost_hardfault.o
                0x00000e30                HardFault_Handler
 .text.CLOCK_SetEr32kClock
                0x00000e60       0x34 ./drivers/fsl_clock.o
 .text.CLOCK_SetPllFllSelClock
                0x00000e94       0x38 ./drivers/fsl_clock.o
 .text.CLOCK_GetMcgExtClkFreq
                0x00000ecc       0x28 ./drivers/fsl_clock.o
 .text.CLOCK_GetFllExtRefClkFreq
                0x00000ef4       0xa8 ./drivers/fsl_clock.o
 .text.CLOCK_GetFllRefClkFreq
                0x00000f9c       0x2c ./drivers/fsl_clock.o
 .text.CLOCK_GetOscRangeFromFreq
                0x00000fc8       0x4c ./drivers/fsl_clock.o
 .text.CLOCK_GetPllFllSelClkFreq
                0x00001014       0x4c ./drivers/fsl_clock.o
                0x00001014                CLOCK_GetPllFllSelClkFreq
 .text.CLOCK_SetSimConfig
                0x00001060       0x38 ./drivers/fsl_clock.o
                0x00001060                CLOCK_SetSimConfig
 .text.CLOCK_GetFllFreq
                0x00001098       0x84 ./drivers/fsl_clock.o
                0x00001098                CLOCK_GetFllFreq
 .text.CLOCK_GetPll0Freq
                0x0000111c       0x70 ./drivers/fsl_clock.o
                0x0000111c                CLOCK_GetPll0Freq
 .text.CLOCK_SetInternalRefClkConfig
                0x0000118c      0x124 ./drivers/fsl_clock.o
                0x0000118c                CLOCK_SetInternalRefClkConfig
 .text.CLOCK_EnablePll0
                0x000012b0       0x94 ./drivers/fsl_clock.o
                0x000012b0                CLOCK_EnablePll0
 .text.CLOCK_InitOsc0
                0x00001344       0x94 ./drivers/fsl_clock.o
                0x00001344                CLOCK_InitOsc0
 .text.CLOCK_SetPbeMode
                0x000013d8       0xb0 ./drivers/fsl_clock.o
                0x000013d8                CLOCK_SetPbeMode
 .text.CLOCK_BootToPeeMode
                0x00001488       0x70 ./drivers/fsl_clock.o
                0x00001488                CLOCK_BootToPeeMode
 .text.CLOCK_EnableClock
                0x000014f8       0x34 ./drivers/fsl_lpsci.o
 .text.LPSCI_GetInstance
                0x0000152c       0x48 ./drivers/fsl_lpsci.o
                0x0000152c                LPSCI_GetInstance
 .text.LPSCI_Init
                0x00001574      0x258 ./drivers/fsl_lpsci.o
                0x00001574                LPSCI_Init
 .text.LPSCI_GetDefaultConfig
                0x000017cc       0x44 ./drivers/fsl_lpsci.o
                0x000017cc                LPSCI_GetDefaultConfig
 .text.LPSCI_ClearStatusFlags
                0x00001810       0x94 ./drivers/fsl_lpsci.o
                0x00001810                LPSCI_ClearStatusFlags
 .text.LPSCI_WriteBlocking
                0x000018a4       0x4c ./drivers/fsl_lpsci.o
                0x000018a4                LPSCI_WriteBlocking
 .text.LPSCI_ReadBlocking
                0x000018f0       0xc0 ./drivers/fsl_lpsci.o
                0x000018f0                LPSCI_ReadBlocking
 .text.UART0_DriverIRQHandler
                0x000019b0       0x24 ./drivers/fsl_lpsci.o
                0x000019b0                UART0_DriverIRQHandler
 .text.CLOCK_EnableClock
                0x000019d4       0x34 ./drivers/fsl_uart.o
 .text.UART_GetInstance
                0x00001a08       0x54 ./drivers/fsl_uart.o
                0x00001a08                UART_GetInstance
 .text.UART_Init
                0x00001a5c      0x1e0 ./drivers/fsl_uart.o
                0x00001a5c                UART_Init
 .text.UART_GetDefaultConfig
                0x00001c3c       0x44 ./drivers/fsl_uart.o
                0x00001c3c                UART_GetDefaultConfig
 .text.UART_ReadBlocking
                0x00001c80       0x98 ./drivers/fsl_uart.o
                0x00001c80                UART_ReadBlocking
 .text.UART1_DriverIRQHandler
                0x00001d18       0x24 ./drivers/fsl_uart.o
                0x00001d18                UART1_DriverIRQHandler
 .text.UART2_DriverIRQHandler
                0x00001d3c       0x24 ./drivers/fsl_uart.o
                0x00001d3c                UART2_DriverIRQHandler
 .text.CLOCK_SetLpsci0Clock
                0x00001d60       0x38 ./board/board.o
 .text.BOARD_InitDebugConsole
                0x00001d98       0x30 ./board/board.o
                0x00001d98                BOARD_InitDebugConsole
 .text.CLOCK_SetSimSafeDivs
                0x00001dc8       0x20 ./board/clock_config.o
 .text.CLOCK_SetXtal0Freq
                0x00001de8       0x1c ./board/clock_config.o
 .text.CLOCK_CONFIG_SetFllExtRefDiv
                0x00001e04       0x3c ./board/clock_config.o
 .text.BOARD_BootClockRUN
                0x00001e40       0x64 ./board/clock_config.o
                0x00001e40                BOARD_BootClockRUN
 .text.CLOCK_EnableClock
                0x00001ea4       0x34 ./board/pin_mux.o
 .text.PORT_SetPinMux
                0x00001ed8       0x40 ./board/pin_mux.o
 .text.BOARD_InitPins
                0x00001f18       0x4c ./board/pin_mux.o
                0x00001f18                BOARD_InitPins
 .text.SystemInit
                0x00001f64       0x18 ./CMSIS/system_MKL25Z4.o
                0x00001f64                SystemInit
 .text.__assertion_failed
                0x00001f7c       0x4c d:/mcuxpressoide_11.2.0_4120/ide/plugins/com.nxp.mcuxpresso.tools.win32_11.2.0.202001021529/tools/bin/../lib/gcc/arm-none-eabi/9.2.1/../../../../arm-none-eabi/lib/thumb/v6-m/nofp\libcr_semihost_nf.a(_cr_assert.o)
                0x00001f7c                __assertion_failed
 .text.__sys_appexit
                0x00001fc8        0xc d:/mcuxpressoide_11.2.0_4120/ide/plugins/com.nxp.mcuxpresso.tools.win32_11.2.0.202001021529/tools/bin/../lib/gcc/arm-none-eabi/9.2.1/../../../../arm-none-eabi/lib/thumb/v6-m/nofp\libcr_semihost_nf.a(__sys_appexit.o)
                0x00001fc8                __sys_appexit
                0x00001fc8                __exit
 .text._deferredlazyseek
                0x00001fd4       0x40 d:/mcuxpressoide_11.2.0_4120/ide/plugins/com.nxp.mcuxpresso.tools.win32_11.2.0.202001021529/tools/bin/../lib/gcc/arm-none-eabi/9.2.1/../../../../arm-none-eabi/lib/thumb/v6-m/nofp\libcr_c.a(_deferredlazyseek.o)
                0x00001fd4                _deferredlazyseek
 .text.__flsbuf
                0x00002014      0x150 d:/mcuxpressoide_11.2.0_4120/ide/plugins/com.nxp.mcuxpresso.tools.win32_11.2.0.202001021529/tools/bin/../lib/gcc/arm-none-eabi/9.2.1/../../../../arm-none-eabi/lib/thumb/v6-m/nofp\libcr_c.a(_deferredlazyseek.o)
                0x00002014                __flsbuf
 .text._fflush  0x00002164       0x60 d:/mcuxpressoide_11.2.0_4120/ide/plugins/com.nxp.mcuxpresso.tools.win32_11.2.0.202001021529/tools/bin/../lib/gcc/arm-none-eabi/9.2.1/../../../../arm-none-eabi/lib/thumb/v6-m/nofp\libcr_c.a(_fflush.o)
                0x00002164                _fflush
 .text._Cwritebuf
                0x000021c4       0x68 d:/mcuxpressoide_11.2.0_4120/ide/plugins/com.nxp.mcuxpresso.tools.win32_11.2.0.202001021529/tools/bin/../lib/gcc/arm-none-eabi/9.2.1/../../../../arm-none-eabi/lib/thumb/v6-m/nofp\libcr_c.a(_writebuf.o)
                0x000021c4                _Cwritebuf
 .text.malloc   0x0000222c       0xd0 d:/mcuxpressoide_11.2.0_4120/ide/plugins/com.nxp.mcuxpresso.tools.win32_11.2.0.202001021529/tools/bin/../lib/gcc/arm-none-eabi/9.2.1/../../../../arm-none-eabi/lib/thumb/v6-m/nofp\libcr_c.a(alloc.o)
                0x0000222c                malloc
 .text._Csys_alloc
                0x000022fc       0x20 d:/mcuxpressoide_11.2.0_4120/ide/plugins/com.nxp.mcuxpresso.tools.win32_11.2.0.202001021529/tools/bin/../lib/gcc/arm-none-eabi/9.2.1/../../../../arm-none-eabi/lib/thumb/v6-m/nofp\libcr_c.a(alloc.o)
                0x000022fc                _Csys_alloc
 .text.fseek    0x0000231c       0xf4 d:/mcuxpressoide_11.2.0_4120/ide/plugins/com.nxp.mcuxpresso.tools.win32_11.2.0.202001021529/tools/bin/../lib/gcc/arm-none-eabi/9.2.1/../../../../arm-none-eabi/lib/thumb/v6-m/nofp\libcr_c.a(fseek.o)
                0x0000231c                fseek
 .text.ftell    0x00002410       0x48 d:/mcuxpressoide_11.2.0_4120/ide/plugins/com.nxp.mcuxpresso.tools.win32_11.2.0.202001021529/tools/bin/../lib/gcc/arm-none-eabi/9.2.1/../../../../arm-none-eabi/lib/thumb/v6-m/nofp\libcr_c.a(ftell.o)
                0x00002410                ftell
 .text._initio  0x00002458       0x7c d:/mcuxpressoide_11.2.0_4120/ide/plugins/com.nxp.mcuxpresso.tools.win32_11.2.0.202001021529/tools/bin/../lib/gcc/arm-none-eabi/9.2.1/../../../../arm-none-eabi/lib/thumb/v6-m/nofp\libcr_c.a(initio.o)
                0x00002458                _initio
 .text.__vfprintf
                0x000024d4      0xd40 d:/mcuxpressoide_11.2.0_4120/ide/plugins/com.nxp.mcuxpresso.tools.win32_11.2.0.202001021529/tools/bin/../lib/gcc/arm-none-eabi/9.2.1/../../../../arm-none-eabi/lib/thumb/v6-m/nofp\libcr_c.a(printf.o)
                0x000024d4                __vfprintf
 .text._vsnprintf
                0x00003214       0x70 d:/mcuxpressoide_11.2.0_4120/ide/plugins/com.nxp.mcuxpresso.tools.win32_11.2.0.202001021529/tools/bin/../lib/gcc/arm-none-eabi/9.2.1/../../../../arm-none-eabi/lib/thumb/v6-m/nofp\libcr_c.a(printf.o)
                0x00003214                _vsnprintf
 .text._printf  0x00003284       0x50 d:/mcuxpressoide_11.2.0_4120/ide/plugins/com.nxp.mcuxpresso.tools.win32_11.2.0.202001021529/tools/bin/../lib/gcc/arm-none-eabi/9.2.1/../../../../arm-none-eabi/lib/thumb/v6-m/nofp\libcr_c.a(printf.o)
                0x00003284                _printf
 .text.setvbuf  0x000032d4       0x4c d:/mcuxpressoide_11.2.0_4120/ide/plugins/com.nxp.mcuxpresso.tools.win32_11.2.0.202001021529/tools/bin/../lib/gcc/arm-none-eabi/9.2.1/../../../../arm-none-eabi/lib/thumb/v6-m/nofp\libcr_c.a(setvbuf.o)
                0x000032d4                setvbuf
 .text.strlen   0x00003320       0x58 d:/mcuxpressoide_11.2.0_4120/ide/plugins/com.nxp.mcuxpresso.tools.win32_11.2.0.202001021529/tools/bin/../lib/gcc/arm-none-eabi/9.2.1/../../../../arm-none-eabi/lib/thumb/v6-m/nofp\libcr_c.a(strlen.o)
                0x00003320                strlen
 .text._sbrk    0x00003378       0x44 d:/mcuxpressoide_11.2.0_4120/ide/plugins/com.nxp.mcuxpresso.tools.win32_11.2.0.202001021529/tools/bin/../lib/gcc/arm-none-eabi/9.2.1/../../../../arm-none-eabi/lib/thumb/v6-m/nofp\libcr_c.a(_cr_sbrk.o)
                0x00003378                _sbrk
 .text._fdopen  0x000033bc       0x74 d:/mcuxpressoide_11.2.0_4120/ide/plugins/com.nxp.mcuxpresso.tools.win32_11.2.0.202001021529/tools/bin/../lib/gcc/arm-none-eabi/9.2.1/../../../../arm-none-eabi/lib/thumb/v6-m/nofp\libcr_c.a(_fdopen.o)
                0x000033bc                _fdopen
 .text.fclose   0x00003430       0x5c d:/mcuxpressoide_11.2.0_4120/ide/plugins/com.nxp.mcuxpresso.tools.win32_11.2.0.202001021529/tools/bin/../lib/gcc/arm-none-eabi/9.2.1/../../../../arm-none-eabi/lib/thumb/v6-m/nofp\libcr_c.a(fclose.o)
                0x00003430                fclose
 .text.fflush   0x0000348c       0x44 d:/mcuxpressoide_11.2.0_4120/ide/plugins/com.nxp.mcuxpresso.tools.win32_11.2.0.202001021529/tools/bin/../lib/gcc/arm-none-eabi/9.2.1/../../../../arm-none-eabi/lib/thumb/v6-m/nofp\libcr_c.a(fflush.o)
                0x0000348c                fflush
 .text.__check_heap_overflow
                0x000034d0       0x14 d:/mcuxpressoide_11.2.0_4120/ide/plugins/com.nxp.mcuxpresso.tools.win32_11.2.0.202001021529/tools/bin/../lib/gcc/arm-none-eabi/9.2.1/../../../../arm-none-eabi/lib/thumb/v6-m/nofp\libcr_c.a(_cr_check_heap.o)
                0x000034d0                __check_heap_overflow
 .text._do_fflush
                0x000034e4       0x48 d:/mcuxpressoide_11.2.0_4120/ide/plugins/com.nxp.mcuxpresso.tools.win32_11.2.0.202001021529/tools/bin/../lib/gcc/arm-none-eabi/9.2.1/../../../../arm-none-eabi/lib/thumb/v6-m/nofp\libcr_c.a(_do_fflush.o)
                0x000034e4                _do_fflush
 .text.UART_EnableTx
                0x0000352c       0x40 ./utilities/fsl_debug_console.o
 .text.UART_EnableRx
                0x0000356c       0x40 ./utilities/fsl_debug_console.o
 .text.LPSCI_EnableTx
                0x000035ac       0x40 ./utilities/fsl_debug_console.o
 .text.LPSCI_EnableRx
                0x000035ec       0x40 ./utilities/fsl_debug_console.o
 .text.delay    0x0000362c       0x30 ./source/State_machine.o
                0x0000362c                delay
 .text.OSC_SetExtRefClkConfig
                0x0000365c       0x3e ./drivers/fsl_clock.o
 .text.OSC_SetCapLoad
                0x0000369a       0x42 ./drivers/fsl_clock.o
 .text.CLOCK_GetPll0RefFreq
                0x000036dc       0x10 ./drivers/fsl_clock.o
 .text.CLOCK_SetExternalRefClkConfig
                0x000036ec       0x16 ./drivers/fsl_clock.o
                0x000036ec                CLOCK_SetExternalRefClkConfig
 .text.LPSCI_GetStatusFlags
                0x00003702       0x26 ./drivers/fsl_lpsci.o
                0x00003702                LPSCI_GetStatusFlags
 .text.UART_GetStatusFlags
                0x00003728       0x26 ./drivers/fsl_uart.o
                0x00003728                UART_GetStatusFlags
 .text.UART_WriteBlocking
                0x0000374e       0x3c ./drivers/fsl_uart.o
                0x0000374e                UART_WriteBlocking
 .text.BOARD_InitBootClocks
                0x0000378a        0xe ./board/clock_config.o
                0x0000378a                BOARD_InitBootClocks
 .text.BOARD_InitBootPeripherals
                0x00003798        0xa ./board/peripherals.o
                0x00003798                BOARD_InitBootPeripherals
 .text.BOARD_InitBootPins
                0x000037a2        0xe ./board/pin_mux.o
                0x000037a2                BOARD_InitBootPins
 .text.__main   0x000037b0        0xc d:/mcuxpressoide_11.2.0_4120/ide/plugins/com.nxp.mcuxpresso.tools.win32_11.2.0.202001021529/tools/bin/../lib/gcc/arm-none-eabi/9.2.1/../../../../arm-none-eabi/lib/thumb/v6-m/nofp\libcr_semihost_nf.a(_cr__main.o)
                0x000037b0                __CR_SEMIHOST
                0x000037b0                __main
 .text.memset   0x000037bc        0x8 d:/mcuxpressoide_11.2.0_4120/ide/plugins/com.nxp.mcuxpresso.tools.win32_11.2.0.202001021529/tools/bin/../lib/gcc/arm-none-eabi/9.2.1/../../../../arm-none-eabi/lib/thumb/v6-m/nofp\libcr_c.a(memset.o)
                0x000037bc                memset
 .text.free     0x000037c4       0x2c d:/mcuxpressoide_11.2.0_4120/ide/plugins/com.nxp.mcuxpresso.tools.win32_11.2.0.202001021529/tools/bin/../lib/gcc/arm-none-eabi/9.2.1/../../../../arm-none-eabi/lib/thumb/v6-m/nofp\libcr_c.a(alloc.o)
                0x000037c4                free
 .text.fputs    0x000037f0       0x2e d:/mcuxpressoide_11.2.0_4120/ide/plugins/com.nxp.mcuxpresso.tools.win32_11.2.0.202001021529/tools/bin/../lib/gcc/arm-none-eabi/9.2.1/../../../../arm-none-eabi/lib/thumb/v6-m/nofp\libcr_c.a(fputs.o)
                0x000037f0                fputs
 .text.no_fp_display
                0x0000381e        0x4 d:/mcuxpressoide_11.2.0_4120/ide/plugins/com.nxp.mcuxpresso.tools.win32_11.2.0.202001021529/tools/bin/../lib/gcc/arm-none-eabi/9.2.1/../../../../arm-none-eabi/lib/thumb/v6-m/nofp\libcr_c.a(printf.o)
 .text.remove   0x00003822       0x12 d:/mcuxpressoide_11.2.0_4120/ide/plugins/com.nxp.mcuxpresso.tools.win32_11.2.0.202001021529/tools/bin/../lib/gcc/arm-none-eabi/9.2.1/../../../../arm-none-eabi/lib/thumb/v6-m/nofp\libcr_c.a(remove.o)
                0x00003822                remove
 .text.__aeabi_division_idivmod
                0x00003834       0x78 d:/mcuxpressoide_11.2.0_4120/ide/plugins/com.nxp.mcuxpresso.tools.win32_11.2.0.202001021529/tools/bin/../lib/gcc/arm-none-eabi/9.2.1/thumb/v6-m/nofp\libcr_eabihelpers.a(division_32.o)
                0x00003834                __aeabi_idivmod
                0x00003834                __aeabi_idiv
                0x0000383a                __aeabi_uidivmod
                0x0000383a                __aeabi_uidiv
 .text.__aeabi_division_idiv0
                0x000038ac        0x2 d:/mcuxpressoide_11.2.0_4120/ide/plugins/com.nxp.mcuxpresso.tools.win32_11.2.0.202001021529/tools/bin/../lib/gcc/arm-none-eabi/9.2.1/thumb/v6-m/nofp\libcr_eabihelpers.a(division_idiv0.o)
                0x000038ac                __aeabi_idiv0
 .text.__aeabi_llong_lmul
                0x000038ae       0x2e d:/mcuxpressoide_11.2.0_4120/ide/plugins/com.nxp.mcuxpresso.tools.win32_11.2.0.202001021529/tools/bin/../lib/gcc/arm-none-eabi/9.2.1/thumb/v6-m/nofp\libcr_eabihelpers.a(llong.o)
                0x000038ae                __aeabi_lmul
 .text.__aeabi_memset_lowlevel
                0x000038dc       0x2a d:/mcuxpressoide_11.2.0_4120/ide/plugins/com.nxp.mcuxpresso.tools.win32_11.2.0.202001021529/tools/bin/../lib/gcc/arm-none-eabi/9.2.1/thumb/v6-m/nofp\libcr_eabihelpers.a(memcpy.o)
                0x000038dc                __aeabi_lowlevel_memset
 .text.__gnu_thumb1_case_shi
                0x00003906       0x10 d:/mcuxpressoide_11.2.0_4120/ide/plugins/com.nxp.mcuxpresso.tools.win32_11.2.0.202001021529/tools/bin/../lib/gcc/arm-none-eabi/9.2.1/thumb/v6-m/nofp\libcr_eabihelpers.a(thumb1_switch_helpers.o)
                0x00003906                __gnu_thumb1_case_shi
 .text.__sys_close
                0x00003916        0xc d:/mcuxpressoide_11.2.0_4120/ide/plugins/com.nxp.mcuxpresso.tools.win32_11.2.0.202001021529/tools/bin/../lib/gcc/arm-none-eabi/9.2.1/../../../../arm-none-eabi/lib/thumb/v6-m/nofp\libcr_semihost_nf.a(__sys_close.o)
                0x00003916                __sys_close
 .text.__sys_flen
                0x00003922        0xc d:/mcuxpressoide_11.2.0_4120/ide/plugins/com.nxp.mcuxpresso.tools.win32_11.2.0.202001021529/tools/bin/../lib/gcc/arm-none-eabi/9.2.1/../../../../arm-none-eabi/lib/thumb/v6-m/nofp\libcr_semihost_nf.a(__sys_flen.o)
                0x00003922                __sys_flen
 .text.__sys_istty
                0x0000392e        0xc d:/mcuxpressoide_11.2.0_4120/ide/plugins/com.nxp.mcuxpresso.tools.win32_11.2.0.202001021529/tools/bin/../lib/gcc/arm-none-eabi/9.2.1/../../../../arm-none-eabi/lib/thumb/v6-m/nofp\libcr_semihost_nf.a(__sys_istty.o)
                0x0000392e                __sys_istty
 .text.__sys_remove
                0x0000393a        0xc d:/mcuxpressoide_11.2.0_4120/ide/plugins/com.nxp.mcuxpresso.tools.win32_11.2.0.202001021529/tools/bin/../lib/gcc/arm-none-eabi/9.2.1/../../../../arm-none-eabi/lib/thumb/v6-m/nofp\libcr_semihost_nf.a(__sys_remove.o)
                0x0000393a                __sys_remove
 .text.__sys_seek
                0x00003946        0xc d:/mcuxpressoide_11.2.0_4120/ide/plugins/com.nxp.mcuxpresso.tools.win32_11.2.0.202001021529/tools/bin/../lib/gcc/arm-none-eabi/9.2.1/../../../../arm-none-eabi/lib/thumb/v6-m/nofp\libcr_semihost_nf.a(__sys_seek.o)
                0x00003946                __sys_seek
 .text.__sys_tmpnam
                0x00003952        0xc d:/mcuxpressoide_11.2.0_4120/ide/plugins/com.nxp.mcuxpresso.tools.win32_11.2.0.202001021529/tools/bin/../lib/gcc/arm-none-eabi/9.2.1/../../../../arm-none-eabi/lib/thumb/v6-m/nofp\libcr_semihost_nf.a(__sys_tmpnam.o)
                0x00003952                __sys_tmpnam
 .text.__sys_write
                0x0000395e        0xc d:/mcuxpressoide_11.2.0_4120/ide/plugins/com.nxp.mcuxpresso.tools.win32_11.2.0.202001021529/tools/bin/../lib/gcc/arm-none-eabi/9.2.1/../../../../arm-none-eabi/lib/thumb/v6-m/nofp\libcr_semihost_nf.a(__sys_write.o)
                0x0000395e                __sys_write
 *(SORT_BY_ALIGNMENT(.rodata) SORT_BY_ALIGNMENT(.rodata.*) SORT_BY_ALIGNMENT(.constdata) SORT_BY_ALIGNMENT(.constdata.*))
 *fill*         0x0000396a        0x2 ff
 .rodata.main.str1.4
                0x0000396c       0x15 ./source/Assignment4_1.o
 *fill*         0x00003981        0x3 ff
 .rodata.stop_state.str1.4
                0x00003984       0x73 ./source/State_machine.o
 *fill*         0x000039f7        0x1 ff
 .rodata.go_state.str1.4
                0x000039f8       0x3e ./source/State_machine.o
 *fill*         0x00003a36        0x2 ff
 .rodata.warning_state.str1.4
                0x00003a38       0x40 ./source/State_machine.o
 .rodata.crosswalk_state.str1.4
                0x00003a78       0x40 ./source/State_machine.o
 .rodata.CLOCK_GetMcgExtClkFreq.str1.4
                0x00003ab8       0x1f ./drivers/fsl_clock.o
 *fill*         0x00003ad7        0x1 ff
 .rodata.CLOCK_GetPll0Freq.str1.4
                0x00003ad8       0x1e ./drivers/fsl_clock.o
 *fill*         0x00003af6        0x2 ff
 .rodata.CLOCK_EnablePll0.str1.4
                0x00003af8       0x1a ./drivers/fsl_clock.o
 *fill*         0x00003b12        0x2 ff
 .rodata.CLOCK_SetPbeMode.str1.4
                0x00003b14       0x1b ./drivers/fsl_clock.o
 *fill*         0x00003b2f        0x1 ff
 .rodata.CLOCK_BootToPeeMode.str1.4
                0x00003b30       0x1b ./drivers/fsl_clock.o
 *fill*         0x00003b4b        0x1 ff
 .rodata.fllFactorTable.5210
                0x00003b4c       0x10 ./drivers/fsl_clock.o
 .rodata.LPSCI_GetInstance.str1.4
                0x00003b5c       0x37 ./drivers/fsl_lpsci.o
 *fill*         0x00003b93        0x1 ff
 .rodata.LPSCI_Init.str1.4
                0x00003b94       0x44 ./drivers/fsl_lpsci.o
 .rodata.LPSCI_GetDefaultConfig.str1.4
                0x00003bd8       0x1a ./drivers/fsl_lpsci.o
 *fill*         0x00003bf2        0x2 ff
 .rodata.LPSCI_WriteBlocking.str1.4
                0x00003bf4       0x18 ./drivers/fsl_lpsci.o
 .rodata.LPSCI_ReadBlocking.str1.4
                0x00003c0c       0x18 ./drivers/fsl_lpsci.o
 .rodata.s_uartBases
                0x00003c24        0xc ./drivers/fsl_uart.o
 .rodata.s_uartClock
                0x00003c30        0xc ./drivers/fsl_uart.o
 .rodata.UART_GetInstance.str1.4
                0x00003c3c       0x2c ./drivers/fsl_uart.o
 .rodata.UART_Init.str1.4
                0x00003c68       0x43 ./drivers/fsl_uart.o
 *fill*         0x00003cab        0x1 ff
 .rodata.UART_GetDefaultConfig.str1.4
                0x00003cac       0x19 ./drivers/fsl_uart.o
 *fill*         0x00003cc5        0x3 ff
 .rodata.UART_ReadBlocking.str1.4
                0x00003cc8       0x17 ./drivers/fsl_uart.o
 *fill*         0x00003cdf        0x1 ff
 .rodata.mcgConfig_BOARD_BootClockRUN
                0x00003ce0        0xa ./board/clock_config.o
                0x00003ce0                mcgConfig_BOARD_BootClockRUN
 *fill*         0x00003cea        0x2 ff
 .rodata.simConfig_BOARD_BootClockRUN
                0x00003cec        0x8 ./board/clock_config.o
                0x00003cec                simConfig_BOARD_BootClockRUN
 .rodata.oscConfig_BOARD_BootClockRUN
                0x00003cf4        0x8 ./board/clock_config.o
                0x00003cf4                oscConfig_BOARD_BootClockRUN
 .rodata.__num_Ciob_streams
                0x00003cfc        0x4 d:/mcuxpressoide_11.2.0_4120/ide/plugins/com.nxp.mcuxpresso.tools.win32_11.2.0.202001021529/tools/bin/../lib/gcc/arm-none-eabi/9.2.1/../../../../arm-none-eabi/lib/thumb/v6-m/nofp\libcr_semihost_nf.a(__ciob.o)
                0x00003cfc                __num_Ciob_streams
 .rodata.__assertion_failed.str1.1
                0x00003d00       0x15 d:/mcuxpressoide_11.2.0_4120/ide/plugins/com.nxp.mcuxpresso.tools.win32_11.2.0.202001021529/tools/bin/../lib/gcc/arm-none-eabi/9.2.1/../../../../arm-none-eabi/lib/thumb/v6-m/nofp\libcr_semihost_nf.a(_cr_assert.o)
 .rodata._Csys_alloc.str1.1
                0x00003d15       0x18 d:/mcuxpressoide_11.2.0_4120/ide/plugins/com.nxp.mcuxpresso.tools.win32_11.2.0.202001021529/tools/bin/../lib/gcc/arm-none-eabi/9.2.1/../../../../arm-none-eabi/lib/thumb/v6-m/nofp\libcr_c.a(alloc.o)
 .rodata._initio.str1.1
                0x00003d2d        0x4 d:/mcuxpressoide_11.2.0_4120/ide/plugins/com.nxp.mcuxpresso.tools.win32_11.2.0.202001021529/tools/bin/../lib/gcc/arm-none-eabi/9.2.1/../../../../arm-none-eabi/lib/thumb/v6-m/nofp\libcr_c.a(initio.o)
 .rodata.__vfprintf.str1.1
                0x00003d31       0x35 d:/mcuxpressoide_11.2.0_4120/ide/plugins/com.nxp.mcuxpresso.tools.win32_11.2.0.202001021529/tools/bin/../lib/gcc/arm-none-eabi/9.2.1/../../../../arm-none-eabi/lib/thumb/v6-m/nofp\libcr_c.a(printf.o)
                                 0x38 (size before relaxing)
                0x00003d68                . = ALIGN (0x4)
 *fill*         0x00003d66        0x2 ff

.glue_7         0x00003d68        0x0
 .glue_7        0x00003d68        0x0 linker stubs

.glue_7t        0x00003d68        0x0
 .glue_7t       0x00003d68        0x0 linker stubs

.vfp11_veneer   0x00003d68        0x0
 .vfp11_veneer  0x00003d68        0x0 linker stubs

.v4_bx          0x00003d68        0x0
 .v4_bx         0x00003d68        0x0 linker stubs

.iplt           0x00003d68        0x0
 .iplt          0x00003d68        0x0 ./utilities/fsl_debug_console.o

.rel.dyn        0x00003d68        0x0
 .rel.iplt      0x00003d68        0x0 ./utilities/fsl_debug_console.o

.ARM.extab
 *(SORT_BY_ALIGNMENT(.ARM.extab*) SORT_BY_ALIGNMENT(.gnu.linkonce.armextab.*))

.ARM.exidx      0x00003d68        0x0
                0x00003d68                __exidx_start = .
 *(SORT_BY_ALIGNMENT(.ARM.exidx*) SORT_BY_ALIGNMENT(.gnu.linkonce.armexidx.*))
                0x00003d68                __exidx_end = .
                0x00003d68                _etext = .

.m_usb_data
 *(SORT_BY_ALIGNMENT(m_usb_bdt))

.mtb_buffer_default
                0x1ffff000       0x80
 *(SORT_BY_ALIGNMENT(.mtb*))
 .mtb.$RAM1     0x1ffff000       0x80 ./source/mtb.o
                0x1ffff000                __mtb_buffer__

.uninit_RESERVED
                0x1ffff080        0x0
                0x1ffff080                _start_uninit_RESERVED = .
 *(SORT_BY_ALIGNMENT(.bss.$RESERVED*))
                0x1ffff080                . = ALIGN (0x4)
                0x1ffff080                _end_uninit_RESERVED = .

.data           0x1ffff080        0x8 load address 0x00003d68
 FILL mask 0xff
                0x1ffff080                _data = .
                [!provide]                PROVIDE (__start_data_RAM = .)
                [!provide]                PROVIDE (__start_data_SRAM = .)
 *(SORT_BY_ALIGNMENT(vtable))
 *(SORT_BY_ALIGNMENT(.ramfunc*))
 *(SORT_BY_ALIGNMENT(CodeQuickAccess))
 *(SORT_BY_ALIGNMENT(DataQuickAccess))
 *(SORT_BY_ALIGNMENT(RamFunction))
 *(SORT_BY_ALIGNMENT(.data*))
 .data.s_slowIrcFreq
                0x1ffff080        0x4 ./drivers/fsl_clock.o
 .data.SystemCoreClock
                0x1ffff084        0x4 ./CMSIS/system_MKL25Z4.o
                0x1ffff084                SystemCoreClock
                0x1ffff088                . = ALIGN (0x4)
                0x1ffff088                _edata = .
                [!provide]                PROVIDE (__end_data_RAM = .)
                [!provide]                PROVIDE (__end_data_SRAM = .)

.igot.plt       0x1ffff088        0x0 load address 0x00003d70
 .igot.plt      0x1ffff088        0x0 ./utilities/fsl_debug_console.o

.bss            0x1ffff088      0x114
                0x1ffff088                _bss = .
                [!provide]                PROVIDE (__start_bss_RAM = .)
                [!provide]                PROVIDE (__start_bss_SRAM = .)
 *(SORT_BY_ALIGNMENT(.bss*))
 .bss.s_debugConsole
                0x1ffff088       0x10 ./utilities/fsl_debug_console.o
 .bss.start_r   0x1ffff098        0x4 ./source/State_machine.o
                0x1ffff098                start_r
 .bss.end_r     0x1ffff09c        0x4 ./source/State_machine.o
                0x1ffff09c                end_r
 .bss.start_g   0x1ffff0a0        0x4 ./source/State_machine.o
                0x1ffff0a0                start_g
 .bss.end_g     0x1ffff0a4        0x4 ./source/State_machine.o
                0x1ffff0a4                end_g
 .bss.start_b   0x1ffff0a8        0x4 ./source/State_machine.o
                0x1ffff0a8                start_b
 .bss.end_b     0x1ffff0ac        0x4 ./source/State_machine.o
                0x1ffff0ac                end_b
 .bss.Count     0x1ffff0b0        0x4 ./source/Timer.o
                0x1ffff0b0                Count
 .bss.RESET     0x1ffff0b4        0x4 ./source/Timer.o
                0x1ffff0b4                RESET
 .bss.TIMER     0x1ffff0b8        0x4 ./source/Timer.o
                0x1ffff0b8                TIMER
 .bss.g_xtal0Freq
                0x1ffff0bc        0x4 ./drivers/fsl_clock.o
                0x1ffff0bc                g_xtal0Freq
 .bss.s_lpsciHandle
                0x1ffff0c0        0x4 ./drivers/fsl_lpsci.o
 .bss.s_lpsciIsr
                0x1ffff0c4        0x4 ./drivers/fsl_lpsci.o
 .bss.s_uartHandle
                0x1ffff0c8        0xc ./drivers/fsl_uart.o
 .bss.s_uartIsr
                0x1ffff0d4        0x4 ./drivers/fsl_uart.o
 .bss.__Ciob    0x1ffff0d8       0xb4 d:/mcuxpressoide_11.2.0_4120/ide/plugins/com.nxp.mcuxpresso.tools.win32_11.2.0.202001021529/tools/bin/../lib/gcc/arm-none-eabi/9.2.1/../../../../arm-none-eabi/lib/thumb/v6-m/nofp\libcr_semihost_nf.a(__ciob.o)
                0x1ffff0d8                __Ciob
 .bss.__end_of_heap
                0x1ffff18c        0x4 d:/mcuxpressoide_11.2.0_4120/ide/plugins/com.nxp.mcuxpresso.tools.win32_11.2.0.202001021529/tools/bin/../lib/gcc/arm-none-eabi/9.2.1/../../../../arm-none-eabi/lib/thumb/v6-m/nofp\libcr_c.a(__init_alloc.o)
                0x1ffff18c                __end_of_heap
 .bss.__heaps   0x1ffff190        0x4 d:/mcuxpressoide_11.2.0_4120/ide/plugins/com.nxp.mcuxpresso.tools.win32_11.2.0.202001021529/tools/bin/../lib/gcc/arm-none-eabi/9.2.1/../../../../arm-none-eabi/lib/thumb/v6-m/nofp\libcr_c.a(__init_alloc.o)
                0x1ffff190                __heaps
 .bss.errno     0x1ffff194        0x4 d:/mcuxpressoide_11.2.0_4120/ide/plugins/com.nxp.mcuxpresso.tools.win32_11.2.0.202001021529/tools/bin/../lib/gcc/arm-none-eabi/9.2.1/../../../../arm-none-eabi/lib/thumb/v6-m/nofp\libcr_c.a(errno.o)
                0x1ffff194                errno
 .bss.state     0x1ffff198        0x1 ./source/Assignment4_1.o
                0x1ffff198                state
 *(SORT_BY_ALIGNMENT(COMMON))
                0x1ffff19c                . = ALIGN (0x4)
 *fill*         0x1ffff199        0x3 
                0x1ffff19c                _ebss = .
                [!provide]                PROVIDE (__end_bss_RAM = .)
                [!provide]                PROVIDE (__end_bss_SRAM = .)
                [!provide]                PROVIDE (end = .)

.noinit         0x1ffff19c        0x0
                0x1ffff19c                _noinit = .
                [!provide]                PROVIDE (__start_noinit_RAM = .)
                [!provide]                PROVIDE (__start_noinit_SRAM = .)
 *(SORT_BY_ALIGNMENT(.noinit*))
                0x1ffff19c                . = ALIGN (0x4)
                0x1ffff19c                _end_noinit = .
                [!provide]                PROVIDE (__end_noinit_RAM = .)
                [!provide]                PROVIDE (__end_noinit_SRAM = .)
                0x00000400                _HeapSize = 0x400

.heap           0x1ffff19c      0x400
                0x1ffff19c                _pvHeapStart = .
                0x1ffff59c                . = (. + _HeapSize)
 *fill*         0x1ffff19c      0x400 
                0x1ffff59c                . = ALIGN (0x4)
                0x1ffff59c                _pvHeapLimit = .
                0x00000400                _StackSize = 0x400

.heap2stackfill
                0x1ffff59c      0x400
                0x1ffff99c                . = (. + _StackSize)
 *fill*         0x1ffff59c      0x400 

.stack          0x20002c00        0x0
                0x20002c00                _vStackBase = .
                0x20002c00                . = ALIGN (0x4)
                0x20003000                _vStackTop = (. + _StackSize)
                0x00000000                _image_start = LOADADDR (.text)
                0x00003d70                _image_end = (LOADADDR (.data) + SIZEOF (.data))
                0x00003d70                _image_size = (_image_end - _image_start)
OUTPUT(Assignment4_1.axf elf32-littlearm)

.debug_info     0x00000000     0x99ce
 .debug_info    0x00000000      0x9b5 ./utilities/fsl_debug_console.o
 .debug_info    0x000009b5      0x4df ./startup/startup_mkl25z4.o
 .debug_info    0x00000e94      0x696 ./source/Assignment4_1.o
 .debug_info    0x0000152a      0x90b ./source/State_machine.o
 .debug_info    0x00001e35      0xa48 ./source/Timer.o
 .debug_info    0x0000287d      0x7b5 ./source/Touch.o
 .debug_info    0x00003032       0x53 ./source/mtb.o
 .debug_info    0x00003085      0x8e0 ./source/pwm.o
 .debug_info    0x00003965       0x3c ./source/semihost_hardfault.o
 .debug_info    0x000039a1     0x1a97 ./drivers/fsl_clock.o
 .debug_info    0x00005438     0x1469 ./drivers/fsl_lpsci.o
 .debug_info    0x000068a1     0x140a ./drivers/fsl_uart.o
 .debug_info    0x00007cab      0x80b ./board/board.o
 .debug_info    0x000084b6      0xb00 ./board/clock_config.o
 .debug_info    0x00008fb6       0x3c ./board/peripherals.o
 .debug_info    0x00008ff2      0x5a3 ./board/pin_mux.o
 .debug_info    0x00009595      0x439 ./CMSIS/system_MKL25Z4.o

.debug_abbrev   0x00000000     0x1d63
 .debug_abbrev  0x00000000      0x21b ./utilities/fsl_debug_console.o
 .debug_abbrev  0x0000021b      0x18d ./startup/startup_mkl25z4.o
 .debug_abbrev  0x000003a8      0x15d ./source/Assignment4_1.o
 .debug_abbrev  0x00000505      0x1c0 ./source/State_machine.o
 .debug_abbrev  0x000006c5      0x231 ./source/Timer.o
 .debug_abbrev  0x000008f6      0x1ba ./source/Touch.o
 .debug_abbrev  0x00000ab0       0x46 ./source/mtb.o
 .debug_abbrev  0x00000af6      0x198 ./source/pwm.o
 .debug_abbrev  0x00000c8e       0x31 ./source/semihost_hardfault.o
 .debug_abbrev  0x00000cbf      0x36f ./drivers/fsl_clock.o
 .debug_abbrev  0x0000102e      0x309 ./drivers/fsl_lpsci.o
 .debug_abbrev  0x00001337      0x323 ./drivers/fsl_uart.o
 .debug_abbrev  0x0000165a      0x1a7 ./board/board.o
 .debug_abbrev  0x00001801      0x220 ./board/clock_config.o
 .debug_abbrev  0x00001a21       0x31 ./board/peripherals.o
 .debug_abbrev  0x00001a52      0x1bb ./board/pin_mux.o
 .debug_abbrev  0x00001c0d      0x156 ./CMSIS/system_MKL25Z4.o

.debug_aranges  0x00000000      0x808
 .debug_aranges
                0x00000000       0x48 ./utilities/fsl_debug_console.o
 .debug_aranges
                0x00000048      0x160 ./startup/startup_mkl25z4.o
 .debug_aranges
                0x000001a8       0x20 ./source/Assignment4_1.o
 .debug_aranges
                0x000001c8       0x48 ./source/State_machine.o
 .debug_aranges
                0x00000210       0x48 ./source/Timer.o
 .debug_aranges
                0x00000258       0x28 ./source/Touch.o
 .debug_aranges
                0x00000280       0x18 ./source/mtb.o
 .debug_aranges
                0x00000298       0x30 ./source/pwm.o
 .debug_aranges
                0x000002c8       0x20 ./source/semihost_hardfault.o
 .debug_aranges
                0x000002e8      0x1d8 ./drivers/fsl_clock.o
 .debug_aranges
                0x000004c0      0x118 ./drivers/fsl_lpsci.o
 .debug_aranges
                0x000005d8      0x130 ./drivers/fsl_uart.o
 .debug_aranges
                0x00000708       0x28 ./board/board.o
 .debug_aranges
                0x00000730       0x58 ./board/clock_config.o
 .debug_aranges
                0x00000788       0x20 ./board/peripherals.o
 .debug_aranges
                0x000007a8       0x38 ./board/pin_mux.o
 .debug_aranges
                0x000007e0       0x28 ./CMSIS/system_MKL25Z4.o

.debug_ranges   0x00000000      0x6f0
 .debug_ranges  0x00000000       0x38 ./utilities/fsl_debug_console.o
 .debug_ranges  0x00000038      0x150 ./startup/startup_mkl25z4.o
 .debug_ranges  0x00000188       0x10 ./source/Assignment4_1.o
 .debug_ranges  0x00000198       0x38 ./source/State_machine.o
 .debug_ranges  0x000001d0       0x38 ./source/Timer.o
 .debug_ranges  0x00000208       0x18 ./source/Touch.o
 .debug_ranges  0x00000220       0x20 ./source/pwm.o
 .debug_ranges  0x00000240       0x10 ./source/semihost_hardfault.o
 .debug_ranges  0x00000250      0x1c8 ./drivers/fsl_clock.o
 .debug_ranges  0x00000418      0x108 ./drivers/fsl_lpsci.o
 .debug_ranges  0x00000520      0x120 ./drivers/fsl_uart.o
 .debug_ranges  0x00000640       0x18 ./board/board.o
 .debug_ranges  0x00000658       0x48 ./board/clock_config.o
 .debug_ranges  0x000006a0       0x10 ./board/peripherals.o
 .debug_ranges  0x000006b0       0x28 ./board/pin_mux.o
 .debug_ranges  0x000006d8       0x18 ./CMSIS/system_MKL25Z4.o

.debug_macro    0x00000000     0x9211
 .debug_macro   0x00000000      0x13a ./utilities/fsl_debug_console.o
 .debug_macro   0x0000013a      0xab4 ./utilities/fsl_debug_console.o
 .debug_macro   0x00000bee       0x10 ./utilities/fsl_debug_console.o
 .debug_macro   0x00000bfe       0x16 ./utilities/fsl_debug_console.o
 .debug_macro   0x00000c14       0x10 ./utilities/fsl_debug_console.o
 .debug_macro   0x00000c24      0x12e ./utilities/fsl_debug_console.o
 .debug_macro   0x00000d52       0x28 ./utilities/fsl_debug_console.o
 .debug_macro   0x00000d7a       0xc4 ./utilities/fsl_debug_console.o
 .debug_macro   0x00000e3e       0x16 ./utilities/fsl_debug_console.o
 .debug_macro   0x00000e54       0x22 ./utilities/fsl_debug_console.o
 .debug_macro   0x00000e76      0x5b3 ./utilities/fsl_debug_console.o
 .debug_macro   0x00001429       0x10 ./utilities/fsl_debug_console.o
 .debug_macro   0x00001439       0x3f ./utilities/fsl_debug_console.o
 .debug_macro   0x00001478       0x3a ./utilities/fsl_debug_console.o
 .debug_macro   0x000014b2       0x26 ./utilities/fsl_debug_console.o
 .debug_macro   0x000014d8      0x329 ./utilities/fsl_debug_console.o
 .debug_macro   0x00001801       0x30 ./utilities/fsl_debug_console.o
 .debug_macro   0x00001831     0x51e2 ./utilities/fsl_debug_console.o
 .debug_macro   0x00006a13     0x1352 ./utilities/fsl_debug_console.o
 .debug_macro   0x00007d65       0x3a ./utilities/fsl_debug_console.o
 .debug_macro   0x00007d9f       0xf4 ./utilities/fsl_debug_console.o
 .debug_macro   0x00007e93       0x35 ./utilities/fsl_debug_console.o
 .debug_macro   0x00007ec8       0xd2 ./utilities/fsl_debug_console.o
 .debug_macro   0x00007f9a       0x2e ./utilities/fsl_debug_console.o
 .debug_macro   0x00007fc8       0x10 ./utilities/fsl_debug_console.o
 .debug_macro   0x00007fd8       0x10 ./utilities/fsl_debug_console.o
 .debug_macro   0x00007fe8       0x29 ./startup/startup_mkl25z4.o
 .debug_macro   0x00008011      0x18d ./source/Assignment4_1.o
 .debug_macro   0x0000819e       0xd8 ./source/Assignment4_1.o
 .debug_macro   0x00008276       0x16 ./source/Assignment4_1.o
 .debug_macro   0x0000828c       0x10 ./source/Assignment4_1.o
 .debug_macro   0x0000829c      0x112 ./source/Assignment4_1.o
 .debug_macro   0x000083ae       0x34 ./source/Assignment4_1.o
 .debug_macro   0x000083e2       0x1c ./source/Assignment4_1.o
 .debug_macro   0x000083fe       0x28 ./source/Assignment4_1.o
 .debug_macro   0x00008426      0x189 ./source/State_machine.o
 .debug_macro   0x000085af      0x14f ./source/Timer.o
 .debug_macro   0x000086fe      0x14f ./source/Touch.o
 .debug_macro   0x0000884d       0x2f ./source/mtb.o
 .debug_macro   0x0000887c       0x82 ./source/mtb.o
 .debug_macro   0x000088fe       0x10 ./source/mtb.o
 .debug_macro   0x0000890e      0x14e ./source/pwm.o
 .debug_macro   0x00008a5c       0x11 ./source/semihost_hardfault.o
 .debug_macro   0x00008a6d      0x196 ./drivers/fsl_clock.o
 .debug_macro   0x00008c03       0x1c ./drivers/fsl_clock.o
 .debug_macro   0x00008c1f       0xec ./drivers/fsl_lpsci.o
 .debug_macro   0x00008d0b       0xf2 ./drivers/fsl_uart.o
 .debug_macro   0x00008dfd      0x12b ./board/board.o
 .debug_macro   0x00008f28      0x123 ./board/clock_config.o
 .debug_macro   0x0000904b       0x1b ./board/peripherals.o
 .debug_macro   0x00009066      0x107 ./board/pin_mux.o
 .debug_macro   0x0000916d       0x10 ./board/pin_mux.o
 .debug_macro   0x0000917d       0x94 ./CMSIS/system_MKL25Z4.o

.debug_line     0x00000000     0x5988
 .debug_line    0x00000000      0x452 ./utilities/fsl_debug_console.o
 .debug_line    0x00000452      0x1e7 ./startup/startup_mkl25z4.o
 .debug_line    0x00000639      0x3e6 ./source/Assignment4_1.o
 .debug_line    0x00000a1f      0x650 ./source/State_machine.o
 .debug_line    0x0000106f      0x483 ./source/Timer.o
 .debug_line    0x000014f2      0x3f2 ./source/Touch.o
 .debug_line    0x000018e4       0xcd ./source/mtb.o
 .debug_line    0x000019b1      0x430 ./source/pwm.o
 .debug_line    0x00001de1       0x59 ./source/semihost_hardfault.o
 .debug_line    0x00001e3a     0x12d9 ./drivers/fsl_clock.o
 .debug_line    0x00003113      0xd52 ./drivers/fsl_lpsci.o
 .debug_line    0x00003e65      0xd41 ./drivers/fsl_uart.o
 .debug_line    0x00004ba6      0x35e ./board/board.o
 .debug_line    0x00004f04      0x3bb ./board/clock_config.o
 .debug_line    0x000052bf       0x5c ./board/peripherals.o
 .debug_line    0x0000531b      0x342 ./board/pin_mux.o
 .debug_line    0x0000565d      0x32b ./CMSIS/system_MKL25Z4.o

.debug_str      0x00000000    0x35ebb
 .debug_str     0x00000000    0x315ee ./utilities/fsl_debug_console.o
                              0x3183b (size before relaxing)
 .debug_str     0x000315ee      0x3e1 ./startup/startup_mkl25z4.o
                               0x31ff (size before relaxing)
 .debug_str     0x000319cf      0xe54 ./source/Assignment4_1.o
                              0x31bfe (size before relaxing)
 .debug_str     0x00032823       0xf0 ./source/State_machine.o
                              0x31cd5 (size before relaxing)
 .debug_str     0x00032913      0x290 ./source/Timer.o
                              0x31ddd (size before relaxing)
 .debug_str     0x00032ba3      0x11c ./source/Touch.o
                              0x317c4 (size before relaxing)
 .debug_str     0x00032cbf      0x532 ./source/mtb.o
                               0x330b (size before relaxing)
 .debug_str     0x000331f1       0x71 ./source/pwm.o
                              0x31821 (size before relaxing)
 .debug_str     0x00033262       0x1f ./source/semihost_hardfault.o
                               0x2df8 (size before relaxing)
 .debug_str     0x00033281     0x14d7 ./drivers/fsl_clock.o
                              0x32306 (size before relaxing)
 .debug_str     0x00034758      0x984 ./drivers/fsl_lpsci.o
                              0x3190e (size before relaxing)
 .debug_str     0x000350dc      0x832 ./drivers/fsl_uart.o
                              0x31931 (size before relaxing)
 .debug_str     0x0003590e       0x4c ./board/board.o
                              0x3177e (size before relaxing)
 .debug_str     0x0003595a      0x300 ./board/clock_config.o
                              0x31234 (size before relaxing)
 .debug_str     0x00035c5a       0x31 ./board/peripherals.o
                               0x2e09 (size before relaxing)
 .debug_str     0x00035c8b      0x1e1 ./board/pin_mux.o
                              0x30997 (size before relaxing)
 .debug_str     0x00035e6c       0x4f ./CMSIS/system_MKL25Z4.o
                              0x2fc70 (size before relaxing)

.comment        0x00000000       0x79
 .comment       0x00000000       0x79 ./utilities/fsl_debug_console.o
                                 0x7a (size before relaxing)
 .comment       0x00000079       0x7a ./startup/startup_mkl25z4.o
 .comment       0x00000079       0x7a ./source/Assignment4_1.o
 .comment       0x00000079       0x7a ./source/State_machine.o
 .comment       0x00000079       0x7a ./source/Timer.o
 .comment       0x00000079       0x7a ./source/Touch.o
 .comment       0x00000079       0x7a ./source/mtb.o
 .comment       0x00000079       0x7a ./source/pwm.o
 .comment       0x00000079       0x7a ./source/semihost_hardfault.o
 .comment       0x00000079       0x7a ./drivers/fsl_clock.o
 .comment       0x00000079       0x7a ./drivers/fsl_lpsci.o
 .comment       0x00000079       0x7a ./drivers/fsl_uart.o
 .comment       0x00000079       0x7a ./board/board.o
 .comment       0x00000079       0x7a ./board/clock_config.o
 .comment       0x00000079       0x7a ./board/peripherals.o
 .comment       0x00000079       0x7a ./board/pin_mux.o
 .comment       0x00000079       0x7a ./CMSIS/system_MKL25Z4.o
 .comment       0x00000079       0x7a d:/mcuxpressoide_11.2.0_4120/ide/plugins/com.nxp.mcuxpresso.tools.win32_11.2.0.202001021529/tools/bin/../lib/gcc/arm-none-eabi/9.2.1/../../../../arm-none-eabi/lib/thumb/v6-m/nofp\libcr_semihost_nf.a(_cr__main.o)
 .comment       0x00000079       0x7a d:/mcuxpressoide_11.2.0_4120/ide/plugins/com.nxp.mcuxpresso.tools.win32_11.2.0.202001021529/tools/bin/../lib/gcc/arm-none-eabi/9.2.1/../../../../arm-none-eabi/lib/thumb/v6-m/nofp\libcr_semihost_nf.a(_cr_assert.o)
 .comment       0x00000079       0x7a d:/mcuxpressoide_11.2.0_4120/ide/plugins/com.nxp.mcuxpresso.tools.win32_11.2.0.202001021529/tools/bin/../lib/gcc/arm-none-eabi/9.2.1/../../../../arm-none-eabi/lib/thumb/v6-m/nofp\libcr_semihost_nf.a(__ciob.o)
 .comment       0x00000079       0x7a d:/mcuxpressoide_11.2.0_4120/ide/plugins/com.nxp.mcuxpresso.tools.win32_11.2.0.202001021529/tools/bin/../lib/gcc/arm-none-eabi/9.2.1/../../../../arm-none-eabi/lib/thumb/v6-m/nofp\libcr_c.a(memset.o)
 .comment       0x00000079       0x7a d:/mcuxpressoide_11.2.0_4120/ide/plugins/com.nxp.mcuxpresso.tools.win32_11.2.0.202001021529/tools/bin/../lib/gcc/arm-none-eabi/9.2.1/../../../../arm-none-eabi/lib/thumb/v6-m/nofp\libcr_c.a(_deferredlazyseek.o)
 .comment       0x00000079       0x7a d:/mcuxpressoide_11.2.0_4120/ide/plugins/com.nxp.mcuxpresso.tools.win32_11.2.0.202001021529/tools/bin/../lib/gcc/arm-none-eabi/9.2.1/../../../../arm-none-eabi/lib/thumb/v6-m/nofp\libcr_c.a(_fflush.o)
 .comment       0x00000079       0x7a d:/mcuxpressoide_11.2.0_4120/ide/plugins/com.nxp.mcuxpresso.tools.win32_11.2.0.202001021529/tools/bin/../lib/gcc/arm-none-eabi/9.2.1/../../../../arm-none-eabi/lib/thumb/v6-m/nofp\libcr_c.a(_writebuf.o)
 .comment       0x00000079       0x7a d:/mcuxpressoide_11.2.0_4120/ide/plugins/com.nxp.mcuxpresso.tools.win32_11.2.0.202001021529/tools/bin/../lib/gcc/arm-none-eabi/9.2.1/../../../../arm-none-eabi/lib/thumb/v6-m/nofp\libcr_c.a(alloc.o)
 .comment       0x00000079       0x7a d:/mcuxpressoide_11.2.0_4120/ide/plugins/com.nxp.mcuxpresso.tools.win32_11.2.0.202001021529/tools/bin/../lib/gcc/arm-none-eabi/9.2.1/../../../../arm-none-eabi/lib/thumb/v6-m/nofp\libcr_c.a(fputs.o)
 .comment       0x00000079       0x7a d:/mcuxpressoide_11.2.0_4120/ide/plugins/com.nxp.mcuxpresso.tools.win32_11.2.0.202001021529/tools/bin/../lib/gcc/arm-none-eabi/9.2.1/../../../../arm-none-eabi/lib/thumb/v6-m/nofp\libcr_c.a(fseek.o)
 .comment       0x00000079       0x7a d:/mcuxpressoide_11.2.0_4120/ide/plugins/com.nxp.mcuxpresso.tools.win32_11.2.0.202001021529/tools/bin/../lib/gcc/arm-none-eabi/9.2.1/../../../../arm-none-eabi/lib/thumb/v6-m/nofp\libcr_c.a(ftell.o)
 .comment       0x00000079       0x7a d:/mcuxpressoide_11.2.0_4120/ide/plugins/com.nxp.mcuxpresso.tools.win32_11.2.0.202001021529/tools/bin/../lib/gcc/arm-none-eabi/9.2.1/../../../../arm-none-eabi/lib/thumb/v6-m/nofp\libcr_c.a(initio.o)
 .comment       0x00000079       0x7a d:/mcuxpressoide_11.2.0_4120/ide/plugins/com.nxp.mcuxpresso.tools.win32_11.2.0.202001021529/tools/bin/../lib/gcc/arm-none-eabi/9.2.1/../../../../arm-none-eabi/lib/thumb/v6-m/nofp\libcr_c.a(printf.o)
 .comment       0x00000079       0x7a d:/mcuxpressoide_11.2.0_4120/ide/plugins/com.nxp.mcuxpresso.tools.win32_11.2.0.202001021529/tools/bin/../lib/gcc/arm-none-eabi/9.2.1/../../../../arm-none-eabi/lib/thumb/v6-m/nofp\libcr_c.a(setvbuf.o)
 .comment       0x00000079       0x7a d:/mcuxpressoide_11.2.0_4120/ide/plugins/com.nxp.mcuxpresso.tools.win32_11.2.0.202001021529/tools/bin/../lib/gcc/arm-none-eabi/9.2.1/../../../../arm-none-eabi/lib/thumb/v6-m/nofp\libcr_c.a(strlen.o)
 .comment       0x00000079       0x7a d:/mcuxpressoide_11.2.0_4120/ide/plugins/com.nxp.mcuxpresso.tools.win32_11.2.0.202001021529/tools/bin/../lib/gcc/arm-none-eabi/9.2.1/../../../../arm-none-eabi/lib/thumb/v6-m/nofp\libcr_c.a(__init_alloc.o)
 .comment       0x00000079       0x7a d:/mcuxpressoide_11.2.0_4120/ide/plugins/com.nxp.mcuxpresso.tools.win32_11.2.0.202001021529/tools/bin/../lib/gcc/arm-none-eabi/9.2.1/../../../../arm-none-eabi/lib/thumb/v6-m/nofp\libcr_c.a(_cr_sbrk.o)
 .comment       0x00000079       0x7a d:/mcuxpressoide_11.2.0_4120/ide/plugins/com.nxp.mcuxpresso.tools.win32_11.2.0.202001021529/tools/bin/../lib/gcc/arm-none-eabi/9.2.1/../../../../arm-none-eabi/lib/thumb/v6-m/nofp\libcr_c.a(_fdopen.o)
 .comment       0x00000079       0x7a d:/mcuxpressoide_11.2.0_4120/ide/plugins/com.nxp.mcuxpresso.tools.win32_11.2.0.202001021529/tools/bin/../lib/gcc/arm-none-eabi/9.2.1/../../../../arm-none-eabi/lib/thumb/v6-m/nofp\libcr_c.a(errno.o)
 .comment       0x00000079       0x7a d:/mcuxpressoide_11.2.0_4120/ide/plugins/com.nxp.mcuxpresso.tools.win32_11.2.0.202001021529/tools/bin/../lib/gcc/arm-none-eabi/9.2.1/../../../../arm-none-eabi/lib/thumb/v6-m/nofp\libcr_c.a(fclose.o)
 .comment       0x00000079       0x7a d:/mcuxpressoide_11.2.0_4120/ide/plugins/com.nxp.mcuxpresso.tools.win32_11.2.0.202001021529/tools/bin/../lib/gcc/arm-none-eabi/9.2.1/../../../../arm-none-eabi/lib/thumb/v6-m/nofp\libcr_c.a(fflush.o)
 .comment       0x00000079       0x7a d:/mcuxpressoide_11.2.0_4120/ide/plugins/com.nxp.mcuxpresso.tools.win32_11.2.0.202001021529/tools/bin/../lib/gcc/arm-none-eabi/9.2.1/../../../../arm-none-eabi/lib/thumb/v6-m/nofp\libcr_c.a(remove.o)
 .comment       0x00000079       0x7a d:/mcuxpressoide_11.2.0_4120/ide/plugins/com.nxp.mcuxpresso.tools.win32_11.2.0.202001021529/tools/bin/../lib/gcc/arm-none-eabi/9.2.1/../../../../arm-none-eabi/lib/thumb/v6-m/nofp\libcr_c.a(_cr_check_heap.o)
 .comment       0x00000079       0x7a d:/mcuxpressoide_11.2.0_4120/ide/plugins/com.nxp.mcuxpresso.tools.win32_11.2.0.202001021529/tools/bin/../lib/gcc/arm-none-eabi/9.2.1/../../../../arm-none-eabi/lib/thumb/v6-m/nofp\libcr_c.a(_do_fflush.o)

.ARM.attributes
                0x00000000       0x2a
 .ARM.attributes
                0x00000000       0x2c ./utilities/fsl_debug_console.o
 .ARM.attributes
                0x0000002c       0x2c ./startup/startup_mkl25z4.o
 .ARM.attributes
                0x00000058       0x2c ./source/Assignment4_1.o
 .ARM.attributes
                0x00000084       0x2c ./source/State_machine.o
 .ARM.attributes
                0x000000b0       0x2c ./source/Timer.o
 .ARM.attributes
                0x000000dc       0x2c ./source/Touch.o
 .ARM.attributes
                0x00000108       0x32 ./source/mtb.o
 .ARM.attributes
                0x0000013a       0x2c ./source/pwm.o
 .ARM.attributes
                0x00000166       0x2c ./source/semihost_hardfault.o
 .ARM.attributes
                0x00000192       0x2c ./drivers/fsl_clock.o
 .ARM.attributes
                0x000001be       0x2c ./drivers/fsl_lpsci.o
 .ARM.attributes
                0x000001ea       0x2c ./drivers/fsl_uart.o
 .ARM.attributes
                0x00000216       0x2c ./board/board.o
 .ARM.attributes
                0x00000242       0x2c ./board/clock_config.o
 .ARM.attributes
                0x0000026e       0x2c ./board/peripherals.o
 .ARM.attributes
                0x0000029a       0x2c ./board/pin_mux.o
 .ARM.attributes
                0x000002c6       0x2c ./CMSIS/system_MKL25Z4.o
 .ARM.attributes
                0x000002f2       0x2c d:/mcuxpressoide_11.2.0_4120/ide/plugins/com.nxp.mcuxpresso.tools.win32_11.2.0.202001021529/tools/bin/../lib/gcc/arm-none-eabi/9.2.1/../../../../arm-none-eabi/lib/thumb/v6-m/nofp\libcr_semihost_nf.a(_cr__main.o)
 .ARM.attributes
                0x0000031e       0x2c d:/mcuxpressoide_11.2.0_4120/ide/plugins/com.nxp.mcuxpresso.tools.win32_11.2.0.202001021529/tools/bin/../lib/gcc/arm-none-eabi/9.2.1/../../../../arm-none-eabi/lib/thumb/v6-m/nofp\libcr_semihost_nf.a(_cr_assert.o)
 .ARM.attributes
                0x0000034a       0x31 d:/mcuxpressoide_11.2.0_4120/ide/plugins/com.nxp.mcuxpresso.tools.win32_11.2.0.202001021529/tools/bin/../lib/gcc/arm-none-eabi/9.2.1/../../../../arm-none-eabi/lib/thumb/v6-m/nofp\libcr_semihost_nf.a(__ciob.o)
 .ARM.attributes
                0x0000037b       0x1c d:/mcuxpressoide_11.2.0_4120/ide/plugins/com.nxp.mcuxpresso.tools.win32_11.2.0.202001021529/tools/bin/../lib/gcc/arm-none-eabi/9.2.1/../../../../arm-none-eabi/lib/thumb/v6-m/nofp\libcr_semihost_nf.a(__sys_appexit.o)
 .ARM.attributes
                0x00000397       0x2c d:/mcuxpressoide_11.2.0_4120/ide/plugins/com.nxp.mcuxpresso.tools.win32_11.2.0.202001021529/tools/bin/../lib/gcc/arm-none-eabi/9.2.1/../../../../arm-none-eabi/lib/thumb/v6-m/nofp\libcr_c.a(memset.o)
 .ARM.attributes
                0x000003c3       0x2c d:/mcuxpressoide_11.2.0_4120/ide/plugins/com.nxp.mcuxpresso.tools.win32_11.2.0.202001021529/tools/bin/../lib/gcc/arm-none-eabi/9.2.1/../../../../arm-none-eabi/lib/thumb/v6-m/nofp\libcr_c.a(_deferredlazyseek.o)
 .ARM.attributes
                0x000003ef       0x2c d:/mcuxpressoide_11.2.0_4120/ide/plugins/com.nxp.mcuxpresso.tools.win32_11.2.0.202001021529/tools/bin/../lib/gcc/arm-none-eabi/9.2.1/../../../../arm-none-eabi/lib/thumb/v6-m/nofp\libcr_c.a(_fflush.o)
 .ARM.attributes
                0x0000041b       0x2c d:/mcuxpressoide_11.2.0_4120/ide/plugins/com.nxp.mcuxpresso.tools.win32_11.2.0.202001021529/tools/bin/../lib/gcc/arm-none-eabi/9.2.1/../../../../arm-none-eabi/lib/thumb/v6-m/nofp\libcr_c.a(_writebuf.o)
 .ARM.attributes
                0x00000447       0x2c d:/mcuxpressoide_11.2.0_4120/ide/plugins/com.nxp.mcuxpresso.tools.win32_11.2.0.202001021529/tools/bin/../lib/gcc/arm-none-eabi/9.2.1/../../../../arm-none-eabi/lib/thumb/v6-m/nofp\libcr_c.a(alloc.o)
 .ARM.attributes
                0x00000473       0x2c d:/mcuxpressoide_11.2.0_4120/ide/plugins/com.nxp.mcuxpresso.tools.win32_11.2.0.202001021529/tools/bin/../lib/gcc/arm-none-eabi/9.2.1/../../../../arm-none-eabi/lib/thumb/v6-m/nofp\libcr_c.a(fputs.o)
 .ARM.attributes
                0x0000049f       0x2c d:/mcuxpressoide_11.2.0_4120/ide/plugins/com.nxp.mcuxpresso.tools.win32_11.2.0.202001021529/tools/bin/../lib/gcc/arm-none-eabi/9.2.1/../../../../arm-none-eabi/lib/thumb/v6-m/nofp\libcr_c.a(fseek.o)
 .ARM.attributes
                0x000004cb       0x2c d:/mcuxpressoide_11.2.0_4120/ide/plugins/com.nxp.mcuxpresso.tools.win32_11.2.0.202001021529/tools/bin/../lib/gcc/arm-none-eabi/9.2.1/../../../../arm-none-eabi/lib/thumb/v6-m/nofp\libcr_c.a(ftell.o)
 .ARM.attributes
                0x000004f7       0x2c d:/mcuxpressoide_11.2.0_4120/ide/plugins/com.nxp.mcuxpresso.tools.win32_11.2.0.202001021529/tools/bin/../lib/gcc/arm-none-eabi/9.2.1/../../../../arm-none-eabi/lib/thumb/v6-m/nofp\libcr_c.a(initio.o)
 .ARM.attributes
                0x00000523       0x2c d:/mcuxpressoide_11.2.0_4120/ide/plugins/com.nxp.mcuxpresso.tools.win32_11.2.0.202001021529/tools/bin/../lib/gcc/arm-none-eabi/9.2.1/../../../../arm-none-eabi/lib/thumb/v6-m/nofp\libcr_c.a(printf.o)
 .ARM.attributes
                0x0000054f       0x2c d:/mcuxpressoide_11.2.0_4120/ide/plugins/com.nxp.mcuxpresso.tools.win32_11.2.0.202001021529/tools/bin/../lib/gcc/arm-none-eabi/9.2.1/../../../../arm-none-eabi/lib/thumb/v6-m/nofp\libcr_c.a(setvbuf.o)
 .ARM.attributes
                0x0000057b       0x2c d:/mcuxpressoide_11.2.0_4120/ide/plugins/com.nxp.mcuxpresso.tools.win32_11.2.0.202001021529/tools/bin/../lib/gcc/arm-none-eabi/9.2.1/../../../../arm-none-eabi/lib/thumb/v6-m/nofp\libcr_c.a(strlen.o)
 .ARM.attributes
                0x000005a7       0x2c d:/mcuxpressoide_11.2.0_4120/ide/plugins/com.nxp.mcuxpresso.tools.win32_11.2.0.202001021529/tools/bin/../lib/gcc/arm-none-eabi/9.2.1/../../../../arm-none-eabi/lib/thumb/v6-m/nofp\libcr_c.a(__init_alloc.o)
 .ARM.attributes
                0x000005d3       0x2c d:/mcuxpressoide_11.2.0_4120/ide/plugins/com.nxp.mcuxpresso.tools.win32_11.2.0.202001021529/tools/bin/../lib/gcc/arm-none-eabi/9.2.1/../../../../arm-none-eabi/lib/thumb/v6-m/nofp\libcr_c.a(_cr_sbrk.o)
 .ARM.attributes
                0x000005ff       0x2c d:/mcuxpressoide_11.2.0_4120/ide/plugins/com.nxp.mcuxpresso.tools.win32_11.2.0.202001021529/tools/bin/../lib/gcc/arm-none-eabi/9.2.1/../../../../arm-none-eabi/lib/thumb/v6-m/nofp\libcr_c.a(_fdopen.o)
 .ARM.attributes
                0x0000062b       0x31 d:/mcuxpressoide_11.2.0_4120/ide/plugins/com.nxp.mcuxpresso.tools.win32_11.2.0.202001021529/tools/bin/../lib/gcc/arm-none-eabi/9.2.1/../../../../arm-none-eabi/lib/thumb/v6-m/nofp\libcr_c.a(errno.o)
 .ARM.attributes
                0x0000065c       0x2c d:/mcuxpressoide_11.2.0_4120/ide/plugins/com.nxp.mcuxpresso.tools.win32_11.2.0.202001021529/tools/bin/../lib/gcc/arm-none-eabi/9.2.1/../../../../arm-none-eabi/lib/thumb/v6-m/nofp\libcr_c.a(fclose.o)
 .ARM.attributes
                0x00000688       0x2c d:/mcuxpressoide_11.2.0_4120/ide/plugins/com.nxp.mcuxpresso.tools.win32_11.2.0.202001021529/tools/bin/../lib/gcc/arm-none-eabi/9.2.1/../../../../arm-none-eabi/lib/thumb/v6-m/nofp\libcr_c.a(fflush.o)
 .ARM.attributes
                0x000006b4       0x2c d:/mcuxpressoide_11.2.0_4120/ide/plugins/com.nxp.mcuxpresso.tools.win32_11.2.0.202001021529/tools/bin/../lib/gcc/arm-none-eabi/9.2.1/../../../../arm-none-eabi/lib/thumb/v6-m/nofp\libcr_c.a(remove.o)
 .ARM.attributes
                0x000006e0       0x2c d:/mcuxpressoide_11.2.0_4120/ide/plugins/com.nxp.mcuxpresso.tools.win32_11.2.0.202001021529/tools/bin/../lib/gcc/arm-none-eabi/9.2.1/../../../../arm-none-eabi/lib/thumb/v6-m/nofp\libcr_c.a(_cr_check_heap.o)
 .ARM.attributes
                0x0000070c       0x2c d:/mcuxpressoide_11.2.0_4120/ide/plugins/com.nxp.mcuxpresso.tools.win32_11.2.0.202001021529/tools/bin/../lib/gcc/arm-none-eabi/9.2.1/../../../../arm-none-eabi/lib/thumb/v6-m/nofp\libcr_c.a(_do_fflush.o)
 .ARM.attributes
                0x00000738       0x1c d:/mcuxpressoide_11.2.0_4120/ide/plugins/com.nxp.mcuxpresso.tools.win32_11.2.0.202001021529/tools/bin/../lib/gcc/arm-none-eabi/9.2.1/thumb/v6-m/nofp\libcr_eabihelpers.a(division_32.o)
 .ARM.attributes
                0x00000754       0x1c d:/mcuxpressoide_11.2.0_4120/ide/plugins/com.nxp.mcuxpresso.tools.win32_11.2.0.202001021529/tools/bin/../lib/gcc/arm-none-eabi/9.2.1/thumb/v6-m/nofp\libcr_eabihelpers.a(division_idiv0.o)
 .ARM.attributes
                0x00000770       0x1c d:/mcuxpressoide_11.2.0_4120/ide/plugins/com.nxp.mcuxpresso.tools.win32_11.2.0.202001021529/tools/bin/../lib/gcc/arm-none-eabi/9.2.1/thumb/v6-m/nofp\libcr_eabihelpers.a(llong.o)
 .ARM.attributes
                0x0000078c       0x1c d:/mcuxpressoide_11.2.0_4120/ide/plugins/com.nxp.mcuxpresso.tools.win32_11.2.0.202001021529/tools/bin/../lib/gcc/arm-none-eabi/9.2.1/thumb/v6-m/nofp\libcr_eabihelpers.a(memcpy.o)
 .ARM.attributes
                0x000007a8       0x1c d:/mcuxpressoide_11.2.0_4120/ide/plugins/com.nxp.mcuxpresso.tools.win32_11.2.0.202001021529/tools/bin/../lib/gcc/arm-none-eabi/9.2.1/thumb/v6-m/nofp\libcr_eabihelpers.a(thumb1_switch_helpers.o)
 .ARM.attributes
                0x000007c4       0x1c d:/mcuxpressoide_11.2.0_4120/ide/plugins/com.nxp.mcuxpresso.tools.win32_11.2.0.202001021529/tools/bin/../lib/gcc/arm-none-eabi/9.2.1/../../../../arm-none-eabi/lib/thumb/v6-m/nofp\libcr_semihost_nf.a(__sys_close.o)
 .ARM.attributes
                0x000007e0       0x1c d:/mcuxpressoide_11.2.0_4120/ide/plugins/com.nxp.mcuxpresso.tools.win32_11.2.0.202001021529/tools/bin/../lib/gcc/arm-none-eabi/9.2.1/../../../../arm-none-eabi/lib/thumb/v6-m/nofp\libcr_semihost_nf.a(__sys_flen.o)
 .ARM.attributes
                0x000007fc       0x1c d:/mcuxpressoide_11.2.0_4120/ide/plugins/com.nxp.mcuxpresso.tools.win32_11.2.0.202001021529/tools/bin/../lib/gcc/arm-none-eabi/9.2.1/../../../../arm-none-eabi/lib/thumb/v6-m/nofp\libcr_semihost_nf.a(__sys_istty.o)
 .ARM.attributes
                0x00000818       0x1c d:/mcuxpressoide_11.2.0_4120/ide/plugins/com.nxp.mcuxpresso.tools.win32_11.2.0.202001021529/tools/bin/../lib/gcc/arm-none-eabi/9.2.1/../../../../arm-none-eabi/lib/thumb/v6-m/nofp\libcr_semihost_nf.a(__sys_remove.o)
 .ARM.attributes
                0x00000834       0x1c d:/mcuxpressoide_11.2.0_4120/ide/plugins/com.nxp.mcuxpresso.tools.win32_11.2.0.202001021529/tools/bin/../lib/gcc/arm-none-eabi/9.2.1/../../../../arm-none-eabi/lib/thumb/v6-m/nofp\libcr_semihost_nf.a(__sys_seek.o)
 .ARM.attributes
                0x00000850       0x1c d:/mcuxpressoide_11.2.0_4120/ide/plugins/com.nxp.mcuxpresso.tools.win32_11.2.0.202001021529/tools/bin/../lib/gcc/arm-none-eabi/9.2.1/../../../../arm-none-eabi/lib/thumb/v6-m/nofp\libcr_semihost_nf.a(__sys_tmpnam.o)
 .ARM.attributes
                0x0000086c       0x1c d:/mcuxpressoide_11.2.0_4120/ide/plugins/com.nxp.mcuxpresso.tools.win32_11.2.0.202001021529/tools/bin/../lib/gcc/arm-none-eabi/9.2.1/../../../../arm-none-eabi/lib/thumb/v6-m/nofp\libcr_semihost_nf.a(__sys_write.o)

.debug_frame    0x00000000     0x18b8
 .debug_frame   0x00000000       0xcc ./utilities/fsl_debug_console.o
 .debug_frame   0x000000cc      0x3b0 ./startup/startup_mkl25z4.o
 .debug_frame   0x0000047c       0x2c ./source/Assignment4_1.o
 .debug_frame   0x000004a8       0xd0 ./source/State_machine.o
 .debug_frame   0x00000578       0xbc ./source/Timer.o
 .debug_frame   0x00000634       0x4c ./source/Touch.o
 .debug_frame   0x00000680       0x70 ./source/pwm.o
 .debug_frame   0x000006f0       0x20 ./source/semihost_hardfault.o
 .debug_frame   0x00000710      0x6e0 ./drivers/fsl_clock.o
 .debug_frame   0x00000df0      0x414 ./drivers/fsl_lpsci.o
 .debug_frame   0x00001204      0x464 ./drivers/fsl_uart.o
 .debug_frame   0x00001668       0x50 ./board/board.o
 .debug_frame   0x000016b8      0x100 ./board/clock_config.o
 .debug_frame   0x000017b8       0x2c ./board/peripherals.o
 .debug_frame   0x000017e4       0x88 ./board/pin_mux.o
 .debug_frame   0x0000186c       0x4c ./CMSIS/system_MKL25Z4.o

Cross Reference Table

Symbol                                            File
ADC0_DriverIRQHandler                             ./startup/startup_mkl25z4.o
ADC0_IRQHandler                                   ./startup/startup_mkl25z4.o
BOARD_BootClockRUN                                ./board/clock_config.o
BOARD_BootClockVLPR                               ./board/clock_config.o
BOARD_InitBootClocks                              ./board/clock_config.o
                                                  ./source/Assignment4_1.o
BOARD_InitBootPeripherals                         ./board/peripherals.o
                                                  ./source/Assignment4_1.o
BOARD_InitBootPins                                ./board/pin_mux.o
                                                  ./source/Assignment4_1.o
BOARD_InitDebugConsole                            ./board/board.o
                                                  ./source/Assignment4_1.o
BOARD_InitPins                                    ./board/pin_mux.o
CLOCK_BootToBlpeMode                              ./drivers/fsl_clock.o
CLOCK_BootToBlpiMode                              ./drivers/fsl_clock.o
                                                  ./board/clock_config.o
CLOCK_BootToFeeMode                               ./drivers/fsl_clock.o
CLOCK_BootToFeiMode                               ./drivers/fsl_clock.o
CLOCK_BootToPeeMode                               ./drivers/fsl_clock.o
                                                  ./board/clock_config.o
CLOCK_CalcPllDiv                                  ./drivers/fsl_clock.o
CLOCK_ClearStatusFlags                            ./drivers/fsl_clock.o
CLOCK_DeinitOsc0                                  ./drivers/fsl_clock.o
CLOCK_EnablePll0                                  ./drivers/fsl_clock.o
CLOCK_EnableUsbfs0Clock                           ./drivers/fsl_clock.o
CLOCK_ExternalModeToFbeModeQuick                  ./drivers/fsl_clock.o
CLOCK_FllStableDelay                              ./drivers/fsl_clock.o
CLOCK_GetBusClkFreq                               ./drivers/fsl_clock.o
CLOCK_GetCoreSysClkFreq                           ./drivers/fsl_clock.o
CLOCK_GetEr32kClkFreq                             ./drivers/fsl_clock.o
CLOCK_GetFixedFreqClkFreq                         ./drivers/fsl_clock.o
CLOCK_GetFlashClkFreq                             ./drivers/fsl_clock.o
CLOCK_GetFllFreq                                  ./drivers/fsl_clock.o
CLOCK_GetFreq                                     ./drivers/fsl_clock.o
CLOCK_GetInternalRefClkFreq                       ./drivers/fsl_clock.o
CLOCK_GetMode                                     ./drivers/fsl_clock.o
CLOCK_GetOsc0ErClkFreq                            ./drivers/fsl_clock.o
CLOCK_GetOutClkFreq                               ./drivers/fsl_clock.o
CLOCK_GetPlatClkFreq                              ./drivers/fsl_clock.o
CLOCK_GetPll0Freq                                 ./drivers/fsl_clock.o
CLOCK_GetPllFllSelClkFreq                         ./drivers/fsl_clock.o
                                                  ./board/board.o
CLOCK_GetStatusFlags                              ./drivers/fsl_clock.o
CLOCK_InitOsc0                                    ./drivers/fsl_clock.o
                                                  ./board/clock_config.o
CLOCK_InternalModeToFbiModeQuick                  ./drivers/fsl_clock.o
CLOCK_SetBlpeMode                                 ./drivers/fsl_clock.o
CLOCK_SetBlpiMode                                 ./drivers/fsl_clock.o
CLOCK_SetExternalRefClkConfig                     ./drivers/fsl_clock.o
CLOCK_SetFbeMode                                  ./drivers/fsl_clock.o
CLOCK_SetFbiMode                                  ./drivers/fsl_clock.o
CLOCK_SetFeeMode                                  ./drivers/fsl_clock.o
CLOCK_SetFeiMode                                  ./drivers/fsl_clock.o
CLOCK_SetInternalRefClkConfig                     ./drivers/fsl_clock.o
                                                  ./board/clock_config.o
CLOCK_SetMcgConfig                                ./drivers/fsl_clock.o
CLOCK_SetOsc0MonitorMode                          ./drivers/fsl_clock.o
CLOCK_SetPbeMode                                  ./drivers/fsl_clock.o
CLOCK_SetPeeMode                                  ./drivers/fsl_clock.o
CLOCK_SetPll0MonitorMode                          ./drivers/fsl_clock.o
CLOCK_SetSimConfig                                ./drivers/fsl_clock.o
                                                  ./board/clock_config.o
CLOCK_TrimInternalRefClk                          ./drivers/fsl_clock.o
CMP0_DriverIRQHandler                             ./startup/startup_mkl25z4.o
CMP0_IRQHandler                                   ./startup/startup_mkl25z4.o
Count                                             ./source/Timer.o
DAC0_DriverIRQHandler                             ./startup/startup_mkl25z4.o
DAC0_IRQHandler                                   ./startup/startup_mkl25z4.o
DMA0_DriverIRQHandler                             ./startup/startup_mkl25z4.o
DMA0_IRQHandler                                   ./startup/startup_mkl25z4.o
DMA1_DriverIRQHandler                             ./startup/startup_mkl25z4.o
DMA1_IRQHandler                                   ./startup/startup_mkl25z4.o
DMA2_DriverIRQHandler                             ./startup/startup_mkl25z4.o
DMA2_IRQHandler                                   ./startup/startup_mkl25z4.o
DMA3_DriverIRQHandler                             ./startup/startup_mkl25z4.o
DMA3_IRQHandler                                   ./startup/startup_mkl25z4.o
DbgConsole_Deinit                                 ./utilities/fsl_debug_console.o
DbgConsole_Init                                   ./utilities/fsl_debug_console.o
                                                  ./board/board.o
FLASH_Erase                                       ./drivers/fsl_flash.o
FLASH_EraseAll                                    ./drivers/fsl_flash.o
FLASH_EraseAllExecuteOnlySegments                 ./drivers/fsl_flash.o
FLASH_GetProperty                                 ./drivers/fsl_flash.o
FLASH_GetSecurityState                            ./drivers/fsl_flash.o
FLASH_Init                                        ./drivers/fsl_flash.o
FLASH_IsExecuteOnly                               ./drivers/fsl_flash.o
FLASH_IsProtected                                 ./drivers/fsl_flash.o
FLASH_PflashGetPrefetchSpeculation                ./drivers/fsl_flash.o
FLASH_PflashGetProtection                         ./drivers/fsl_flash.o
FLASH_PflashSetPrefetchSpeculation                ./drivers/fsl_flash.o
                                                  ./drivers/fsl_smc.o
FLASH_PflashSetProtection                         ./drivers/fsl_flash.o
FLASH_PrepareExecuteInRamFunctions                ./drivers/fsl_flash.o
FLASH_Program                                     ./drivers/fsl_flash.o
FLASH_ProgramOnce                                 ./drivers/fsl_flash.o
FLASH_ReadOnce                                    ./drivers/fsl_flash.o
FLASH_ReadResource                                ./drivers/fsl_flash.o
FLASH_SecurityBypass                              ./drivers/fsl_flash.o
FLASH_SetCallback                                 ./drivers/fsl_flash.o
FLASH_SetProperty                                 ./drivers/fsl_flash.o
FLASH_VerifyErase                                 ./drivers/fsl_flash.o
FLASH_VerifyEraseAll                              ./drivers/fsl_flash.o
FLASH_VerifyEraseAllExecuteOnlySegments           ./drivers/fsl_flash.o
FLASH_VerifyProgram                               ./drivers/fsl_flash.o
FTFA_DriverIRQHandler                             ./startup/startup_mkl25z4.o
FTFA_IRQHandler                                   ./startup/startup_mkl25z4.o
Flash_Config                                      ./startup/startup_mkl25z4.o
GPIO_ClearPinsInterruptFlags                      ./drivers/fsl_gpio.o
GPIO_GetPinsInterruptFlags                        ./drivers/fsl_gpio.o
GPIO_PinInit                                      ./drivers/fsl_gpio.o
HardFault_Handler                                 ./source/semihost_hardfault.o
                                                  ./startup/startup_mkl25z4.o
I2C0_DriverIRQHandler                             ./startup/startup_mkl25z4.o
I2C0_IRQHandler                                   ./startup/startup_mkl25z4.o
I2C1_DriverIRQHandler                             ./startup/startup_mkl25z4.o
I2C1_IRQHandler                                   ./startup/startup_mkl25z4.o
Init_Blue_LED_PWM                                 ./source/pwm.o
                                                  ./source/Assignment4_1.o
Init_GREEN_LED_PWM                                ./source/pwm.o
                                                  ./source/Assignment4_1.o
Init_RED_LED_PWM                                  ./source/pwm.o
                                                  ./source/Assignment4_1.o
Init_SysTick                                      ./source/Timer.o
                                                  ./source/Assignment4_1.o
InstallIRQHandler                                 ./drivers/fsl_common.o
IntDefaultHandler                                 ./startup/startup_mkl25z4.o
LLWU_DriverIRQHandler                             ./startup/startup_mkl25z4.o
LLWU_IRQHandler                                   ./startup/startup_mkl25z4.o
LPSCI_ClearStatusFlags                            ./drivers/fsl_lpsci.o
LPSCI_Deinit                                      ./drivers/fsl_lpsci.o
                                                  ./utilities/fsl_debug_console.o
LPSCI_DisableInterrupts                           ./drivers/fsl_lpsci.o
LPSCI_EnableInterrupts                            ./drivers/fsl_lpsci.o
LPSCI_GetDefaultConfig                            ./drivers/fsl_lpsci.o
                                                  ./utilities/fsl_debug_console.o
LPSCI_GetEnabledInterrupts                        ./drivers/fsl_lpsci.o
LPSCI_GetInstance                                 ./drivers/fsl_lpsci.o
LPSCI_GetStatusFlags                              ./drivers/fsl_lpsci.o
LPSCI_Init                                        ./drivers/fsl_lpsci.o
                                                  ./utilities/fsl_debug_console.o
LPSCI_ReadBlocking                                ./drivers/fsl_lpsci.o
                                                  ./utilities/fsl_debug_console.o
LPSCI_SetBaudRate                                 ./drivers/fsl_lpsci.o
LPSCI_TransferAbortReceive                        ./drivers/fsl_lpsci.o
LPSCI_TransferAbortSend                           ./drivers/fsl_lpsci.o
LPSCI_TransferCreateHandle                        ./drivers/fsl_lpsci.o
LPSCI_TransferGetReceiveCount                     ./drivers/fsl_lpsci.o
LPSCI_TransferGetSendCount                        ./drivers/fsl_lpsci.o
LPSCI_TransferHandleErrorIRQ                      ./drivers/fsl_lpsci.o
LPSCI_TransferHandleIRQ                           ./drivers/fsl_lpsci.o
LPSCI_TransferReceiveNonBlocking                  ./drivers/fsl_lpsci.o
LPSCI_TransferSendNonBlocking                     ./drivers/fsl_lpsci.o
LPSCI_TransferStartRingBuffer                     ./drivers/fsl_lpsci.o
LPSCI_TransferStopRingBuffer                      ./drivers/fsl_lpsci.o
LPSCI_WriteBlocking                               ./drivers/fsl_lpsci.o
                                                  ./utilities/fsl_debug_console.o
LPTMR0_DriverIRQHandler                           ./startup/startup_mkl25z4.o
LPTMR0_IRQHandler                                 ./startup/startup_mkl25z4.o
LVD_LVW_DriverIRQHandler                          ./startup/startup_mkl25z4.o
LVD_LVW_IRQHandler                                ./startup/startup_mkl25z4.o
MCG_DriverIRQHandler                              ./startup/startup_mkl25z4.o
MCG_IRQHandler                                    ./startup/startup_mkl25z4.o
NMI_Handler                                       ./startup/startup_mkl25z4.o
PIT_DriverIRQHandler                              ./startup/startup_mkl25z4.o
PIT_IRQHandler                                    ./startup/startup_mkl25z4.o
PORTA_DriverIRQHandler                            ./startup/startup_mkl25z4.o
PORTA_IRQHandler                                  ./startup/startup_mkl25z4.o
PORTD_DriverIRQHandler                            ./startup/startup_mkl25z4.o
PORTD_IRQHandler                                  ./startup/startup_mkl25z4.o
PendSV_Handler                                    ./startup/startup_mkl25z4.o
RESET                                             ./source/Timer.o
RTC_DriverIRQHandler                              ./startup/startup_mkl25z4.o
RTC_IRQHandler                                    ./startup/startup_mkl25z4.o
RTC_Seconds_DriverIRQHandler                      ./startup/startup_mkl25z4.o
RTC_Seconds_IRQHandler                            ./startup/startup_mkl25z4.o
Reserved20_DriverIRQHandler                       ./startup/startup_mkl25z4.o
Reserved20_IRQHandler                             ./startup/startup_mkl25z4.o
Reserved39_DriverIRQHandler                       ./startup/startup_mkl25z4.o
Reserved39_IRQHandler                             ./startup/startup_mkl25z4.o
Reserved45_DriverIRQHandler                       ./startup/startup_mkl25z4.o
Reserved45_IRQHandler                             ./startup/startup_mkl25z4.o
ResetISR                                          ./startup/startup_mkl25z4.o
SMC_PostExitStopModes                             ./drivers/fsl_smc.o
SMC_PreEnterStopModes                             ./drivers/fsl_smc.o
SMC_SetPowerModeLls                               ./drivers/fsl_smc.o
SMC_SetPowerModeRun                               ./drivers/fsl_smc.o
SMC_SetPowerModeStop                              ./drivers/fsl_smc.o
SMC_SetPowerModeVlls                              ./drivers/fsl_smc.o
SMC_SetPowerModeVlpr                              ./drivers/fsl_smc.o
                                                  ./board/clock_config.o
SMC_SetPowerModeVlps                              ./drivers/fsl_smc.o
SMC_SetPowerModeVlpw                              ./drivers/fsl_smc.o
SMC_SetPowerModeWait                              ./drivers/fsl_smc.o
SPI0_DriverIRQHandler                             ./startup/startup_mkl25z4.o
SPI0_IRQHandler                                   ./startup/startup_mkl25z4.o
SPI1_DriverIRQHandler                             ./startup/startup_mkl25z4.o
SPI1_IRQHandler                                   ./startup/startup_mkl25z4.o
SVC_Handler                                       ./startup/startup_mkl25z4.o
SysTick_Handler                                   ./source/Timer.o
                                                  ./startup/startup_mkl25z4.o
SystemCoreClock                                   ./CMSIS/system_MKL25Z4.o
                                                  ./board/clock_config.o
SystemCoreClockUpdate                             ./CMSIS/system_MKL25Z4.o
SystemInit                                        ./CMSIS/system_MKL25Z4.o
                                                  ./startup/startup_mkl25z4.o
TIMER                                             ./source/Timer.o
TPM0_DriverIRQHandler                             ./startup/startup_mkl25z4.o
TPM0_IRQHandler                                   ./startup/startup_mkl25z4.o
TPM1_DriverIRQHandler                             ./startup/startup_mkl25z4.o
TPM1_IRQHandler                                   ./startup/startup_mkl25z4.o
TPM2_DriverIRQHandler                             ./startup/startup_mkl25z4.o
TPM2_IRQHandler                                   ./startup/startup_mkl25z4.o
TSI0_DriverIRQHandler                             ./startup/startup_mkl25z4.o
TSI0_IRQHandler                                   ./startup/startup_mkl25z4.o
Touch_Init                                        ./source/Touch.o
                                                  ./source/Assignment4_1.o
UART0_DriverIRQHandler                            ./drivers/fsl_lpsci.o
                                                  ./startup/startup_mkl25z4.o
UART0_IRQHandler                                  ./startup/startup_mkl25z4.o
UART1_DriverIRQHandler                            ./drivers/fsl_uart.o
                                                  ./startup/startup_mkl25z4.o
UART1_IRQHandler                                  ./startup/startup_mkl25z4.o
UART1_RX_TX_DriverIRQHandler                      ./drivers/fsl_uart.o
UART2_DriverIRQHandler                            ./drivers/fsl_uart.o
                                                  ./startup/startup_mkl25z4.o
UART2_IRQHandler                                  ./startup/startup_mkl25z4.o
UART2_RX_TX_DriverIRQHandler                      ./drivers/fsl_uart.o
UART_ClearStatusFlags                             ./drivers/fsl_uart.o
UART_Deinit                                       ./drivers/fsl_uart.o
                                                  ./utilities/fsl_debug_console.o
UART_DisableInterrupts                            ./drivers/fsl_uart.o
UART_EnableInterrupts                             ./drivers/fsl_uart.o
UART_GetDefaultConfig                             ./drivers/fsl_uart.o
                                                  ./utilities/fsl_debug_console.o
UART_GetEnabledInterrupts                         ./drivers/fsl_uart.o
UART_GetInstance                                  ./drivers/fsl_uart.o
UART_GetStatusFlags                               ./drivers/fsl_uart.o
UART_Init                                         ./drivers/fsl_uart.o
                                                  ./utilities/fsl_debug_console.o
UART_ReadBlocking                                 ./drivers/fsl_uart.o
                                                  ./utilities/fsl_debug_console.o
UART_SetBaudRate                                  ./drivers/fsl_uart.o
UART_TransferAbortReceive                         ./drivers/fsl_uart.o
UART_TransferAbortSend                            ./drivers/fsl_uart.o
UART_TransferCreateHandle                         ./drivers/fsl_uart.o
UART_TransferGetReceiveCount                      ./drivers/fsl_uart.o
UART_TransferGetSendCount                         ./drivers/fsl_uart.o
UART_TransferHandleErrorIRQ                       ./drivers/fsl_uart.o
UART_TransferHandleIRQ                            ./drivers/fsl_uart.o
UART_TransferReceiveNonBlocking                   ./drivers/fsl_uart.o
UART_TransferSendNonBlocking                      ./drivers/fsl_uart.o
UART_TransferStartRingBuffer                      ./drivers/fsl_uart.o
UART_TransferStopRingBuffer                       ./drivers/fsl_uart.o
UART_WriteBlocking                                ./drivers/fsl_uart.o
                                                  ./utilities/fsl_debug_console.o
USB0_DriverIRQHandler                             ./startup/startup_mkl25z4.o
USB0_IRQHandler                                   ./startup/startup_mkl25z4.o
_Csys_alloc                                       d:/mcuxpressoide_11.2.0_4120/ide/plugins/com.nxp.mcuxpresso.tools.win32_11.2.0.202001021529/tools/bin/../lib/gcc/arm-none-eabi/9.2.1/../../../../arm-none-eabi/lib/thumb/v6-m/nofp\libcr_c.a(alloc.o)
                                                  d:/mcuxpressoide_11.2.0_4120/ide/plugins/com.nxp.mcuxpresso.tools.win32_11.2.0.202001021529/tools/bin/../lib/gcc/arm-none-eabi/9.2.1/../../../../arm-none-eabi/lib/thumb/v6-m/nofp\libcr_c.a(_deferredlazyseek.o)
_Cwritebuf                                        d:/mcuxpressoide_11.2.0_4120/ide/plugins/com.nxp.mcuxpresso.tools.win32_11.2.0.202001021529/tools/bin/../lib/gcc/arm-none-eabi/9.2.1/../../../../arm-none-eabi/lib/thumb/v6-m/nofp\libcr_c.a(_writebuf.o)
                                                  d:/mcuxpressoide_11.2.0_4120/ide/plugins/com.nxp.mcuxpresso.tools.win32_11.2.0.202001021529/tools/bin/../lib/gcc/arm-none-eabi/9.2.1/../../../../arm-none-eabi/lib/thumb/v6-m/nofp\libcr_c.a(_fflush.o)
                                                  d:/mcuxpressoide_11.2.0_4120/ide/plugins/com.nxp.mcuxpresso.tools.win32_11.2.0.202001021529/tools/bin/../lib/gcc/arm-none-eabi/9.2.1/../../../../arm-none-eabi/lib/thumb/v6-m/nofp\libcr_c.a(_deferredlazyseek.o)
__CR_SEMIHOST                                     d:/mcuxpressoide_11.2.0_4120/ide/plugins/com.nxp.mcuxpresso.tools.win32_11.2.0.202001021529/tools/bin/../lib/gcc/arm-none-eabi/9.2.1/../../../../arm-none-eabi/lib/thumb/v6-m/nofp\libcr_semihost_nf.a(_cr__main.o)
__Ciob                                            d:/mcuxpressoide_11.2.0_4120/ide/plugins/com.nxp.mcuxpresso.tools.win32_11.2.0.202001021529/tools/bin/../lib/gcc/arm-none-eabi/9.2.1/../../../../arm-none-eabi/lib/thumb/v6-m/nofp\libcr_semihost_nf.a(__ciob.o)
                                                  d:/mcuxpressoide_11.2.0_4120/ide/plugins/com.nxp.mcuxpresso.tools.win32_11.2.0.202001021529/tools/bin/../lib/gcc/arm-none-eabi/9.2.1/../../../../arm-none-eabi/lib/thumb/v6-m/nofp\libcr_c.a(fflush.o)
                                                  d:/mcuxpressoide_11.2.0_4120/ide/plugins/com.nxp.mcuxpresso.tools.win32_11.2.0.202001021529/tools/bin/../lib/gcc/arm-none-eabi/9.2.1/../../../../arm-none-eabi/lib/thumb/v6-m/nofp\libcr_c.a(printf.o)
                                                  d:/mcuxpressoide_11.2.0_4120/ide/plugins/com.nxp.mcuxpresso.tools.win32_11.2.0.202001021529/tools/bin/../lib/gcc/arm-none-eabi/9.2.1/../../../../arm-none-eabi/lib/thumb/v6-m/nofp\libcr_c.a(initio.o)
                                                  d:/mcuxpressoide_11.2.0_4120/ide/plugins/com.nxp.mcuxpresso.tools.win32_11.2.0.202001021529/tools/bin/../lib/gcc/arm-none-eabi/9.2.1/../../../../arm-none-eabi/lib/thumb/v6-m/nofp\libcr_semihost_nf.a(_cr_assert.o)
__RAM_VECTOR_TABLE_SIZE_BYTES                     ./drivers/fsl_common.o
__VECTOR_RAM                                      ./drivers/fsl_common.o
__VECTOR_TABLE                                    ./drivers/fsl_common.o
__Vectors                                         ./startup/startup_mkl25z4.o
__aeabi_idiv                                      d:/mcuxpressoide_11.2.0_4120/ide/plugins/com.nxp.mcuxpresso.tools.win32_11.2.0.202001021529/tools/bin/../lib/gcc/arm-none-eabi/9.2.1/thumb/v6-m/nofp\libcr_eabihelpers.a(division_32.o)